[hkql]   syncobj_create -> 2 timeline=1 initial=0 err=0
[hkql]   syncobj_create -> 3 timeline=1 initial=0 err=0
[hkql]   get_value syncobj=3 -> 1 (err=0)
[hkql]   syncobj_destroy 3
tokens 2048
[probe] pipeline kernel=44 bytes=0xffff643083ec size=3256
[probe] pipeline kernel=46 bytes=0xffff64306b00 size=3176
[probe] pipeline kernel=102 bytes=0xffff642a2ab8 size=3308
[probe] pipeline kernel=139 bytes=0xffff6424ecc8 size=3748
[probe] pipeline kernel=99 bytes=0xffff642a5404 size=4108
[probe] pipeline kernel=1 bytes=0xffff6430f00c size=20808
[hkql 124743.401]   signal[0] syncobj=2 type=1 value=1 flags=1
[hkql 124743.401] cmdbuf 0xaaaad75468b0: CDM calls=11 cmds=17 flushes=17 merged=13 linked=1 timeline=1 gpu_done=1
[hkql 124743.401] submit ioctl ret=0 took 0.000 s cmdbuf_size=72 in=0 out=2
[hkql]   get_value syncobj=2 -> 0 (err=0)
[hkql]   get_value syncobj=2 -> 0 (err=0)
[hkql]   get_value syncobj=2 -> 1 (err=0)
[probe] pipeline kernel=163 bytes=0xffff642bc228 size=8612
[hkql 124743.501]   signal[0] syncobj=2 type=1 value=2 flags=1
[hkql 124743.501] cmdbuf 0xaaaad75468b0: CDM calls=1 cmds=1 flushes=1 merged=0 linked=0 timeline=2 gpu_done=1
[hkql 124743.501] submit ioctl ret=0 took 0.000 s cmdbuf_size=72 in=0 out=2
[hkql]   get_value syncobj=2 -> 1 (err=0)
[hkql]   get_value syncobj=2 -> 1 (err=0)
[hkql]   get_value syncobj=2 -> 2 (err=0)
[probe] pipeline kernel=3 bytes=0xffff64320a34 size=1672
[probe] pipeline kernel=0 bytes=0xffff64309f08 size=20740
[probe] pipeline kernel=48 bytes=0xffff643054a4 size=2648
[probe] pipeline kernel=20 bytes=0xffff642f8278 size=6508
[probe] pipeline kernel=26 bytes=0xffff642cf7dc size=3592
[probe] pipeline kernel=5 bytes=0xffff6431f370 size=1672
[hkql 124743.650]   signal[0] syncobj=2 type=1 value=3 flags=1
[hkql 124743.650] cmdbuf 0xaaaad75468b0: CDM calls=29 cmds=43 flushes=43 merged=35 linked=1 timeline=3 gpu_done=2
[hkql 124743.650] submit ioctl ret=0 took 0.000 s cmdbuf_size=72 in=0 out=2
[hkql]   get_value syncobj=2 -> 2 (err=0)
[hkql]   get_value syncobj=2 -> 2 (err=0)
[hkql]   get_value syncobj=2 -> 2 (err=0)
[hkql]   get_value syncobj=2 -> 2 (err=0)
[hkql]   get_value syncobj=2 -> 2 (err=0)
[hkql]   get_value syncobj=2 -> 2 (err=0)
[hkql]   get_value syncobj=2 -> 2 (err=0)
[hkql]   get_value syncobj=2 -> 2 (err=0)
[hkql]   get_value syncobj=2 -> 2 (err=0)
[hkql]   get_value syncobj=2 -> 2 (err=0)
[hkql]   get_value syncobj=2 -> 2 (err=0)
[hkql]   get_value syncobj=2 -> 2 (err=0)
[hkql]   get_value syncobj=2 -> 2 (err=0)
[hkql]   get_value syncobj=2 -> 2 (err=0)
[hkql]   get_value syncobj=2 -> 2 (err=0)
[hkql]   get_value syncobj=2 -> 2 (err=0)
[hkql]   get_value syncobj=2 -> 2 (err=0)
[hkql]   get_value syncobj=2 -> 2 (err=0)
[hkql]   get_value syncobj=2 -> 2 (err=0)
[hkql]   get_value syncobj=2 -> 2 (err=0)
[hkql]   get_value syncobj=2 -> 2 (err=0)
[hkql]   get_value syncobj=2 -> 2 (err=0)
[hkql]   get_value syncobj=2 -> 2 (err=0)
[hkql]   get_value syncobj=2 -> 2 (err=0)
[hkql]   get_value syncobj=2 -> 2 (err=0)
[hkql]   get_value syncobj=2 -> 2 (err=0)
[hkql]   get_value syncobj=2 -> 2 (err=0)
[hkql]   get_value syncobj=2 -> 2 (err=0)
[hkql]   get_value syncobj=2 -> 2 (err=0)
[hkql]   get_value syncobj=2 -> 2 (err=0)
[hkql]   get_value syncobj=2 -> 2 (err=0)
[hkql]   get_value syncobj=2 -> 2 (err=0)
[hkql]   get_value syncobj=2 -> 2 (err=0)
[hkql]   get_value syncobj=2 -> 2 (err=0)
[hkql]   get_value syncobj=2 -> 2 (err=0)
[hkql]   get_value syncobj=2 -> 2 (err=0)
[hkql]   get_value syncobj=2 -> 2 (err=0)
[hkql]   get_value syncobj=2 -> 2 (err=0)
[hkql]   get_value syncobj=2 -> 2 (err=0)
[hkql]   get_value syncobj=2 -> 2 (err=0)
[hkql]   get_value syncobj=2 -> 2 (err=0)
[hkql]   get_value syncobj=2 -> 2 (err=0)
[hkql]   get_value syncobj=2 -> 2 (err=0)
[hkql]   get_value syncobj=2 -> 2 (err=0)
[hkql]   get_value syncobj=2 -> 2 (err=0)
[hkql]   get_value syncobj=2 -> 2 (err=0)
[hkql]   get_value syncobj=2 -> 2 (err=0)
[hkql]   get_value syncobj=2 -> 2 (err=0)
[hkql]   get_value syncobj=2 -> 2 (err=0)
[hkql]   get_value syncobj=2 -> 2 (err=0)
[hkql]   get_value syncobj=2 -> 2 (err=0)
[hkql]   get_value syncobj=2 -> 2 (err=0)
[hkql]   get_value syncobj=2 -> 3 (err=0)
[hkql 124746.253]   signal[0] syncobj=2 type=1 value=4 flags=1
[hkql 124746.253] cmdbuf 0xaaaad75468b0: CDM calls=1 cmds=1 flushes=1 merged=0 linked=0 timeline=4 gpu_done=3
[hkql 124746.253] submit ioctl ret=0 took 0.000 s cmdbuf_size=72 in=0 out=2
[hkql]   get_value syncobj=2 -> 3 (err=0)
[hkql]   get_value syncobj=2 -> 3 (err=0)
[hkql]   get_value syncobj=2 -> 4 (err=0)
[hkql]   get_value syncobj=2 -> 4 (err=0)
[hkql 124746.363]   signal[0] syncobj=2 type=1 value=5 flags=1
[hkql 124746.363] cmdbuf 0xaaaad75468b0: CDM calls=29 cmds=43 flushes=43 merged=35 linked=1 timeline=5 gpu_done=4
[hkql 124746.363] submit ioctl ret=0 took 0.000 s cmdbuf_size=72 in=0 out=2
[hkql]   get_value syncobj=2 -> 4 (err=0)
[hkql]   get_value syncobj=2 -> 4 (err=0)
[hkql]   get_value syncobj=2 -> 4 (err=0)
[hkql]   get_value syncobj=2 -> 4 (err=0)
[hkql]   get_value syncobj=2 -> 4 (err=0)
[hkql]   get_value syncobj=2 -> 4 (err=0)
[hkql]   get_value syncobj=2 -> 4 (err=0)
[hkql]   get_value syncobj=2 -> 4 (err=0)
[hkql]   get_value syncobj=2 -> 4 (err=0)
[hkql]   get_value syncobj=2 -> 4 (err=0)
[hkql]   get_value syncobj=2 -> 4 (err=0)
[hkql]   get_value syncobj=2 -> 4 (err=0)
[hkql]   get_value syncobj=2 -> 4 (err=0)
[hkql]   get_value syncobj=2 -> 4 (err=0)
[hkql]   get_value syncobj=2 -> 4 (err=0)
[hkql]   get_value syncobj=2 -> 4 (err=0)
[hkql]   get_value syncobj=2 -> 4 (err=0)
[hkql]   get_value syncobj=2 -> 4 (err=0)
[hkql]   get_value syncobj=2 -> 4 (err=0)
[hkql]   get_value syncobj=2 -> 4 (err=0)
[hkql]   get_value syncobj=2 -> 4 (err=0)
[hkql]   get_value syncobj=2 -> 4 (err=0)
[hkql]   get_value syncobj=2 -> 4 (err=0)
[hkql]   get_value syncobj=2 -> 4 (err=0)
[hkql]   get_value syncobj=2 -> 4 (err=0)
[hkql]   get_value syncobj=2 -> 4 (err=0)
[hkql]   get_value syncobj=2 -> 4 (err=0)
[hkql]   get_value syncobj=2 -> 4 (err=0)
[hkql]   get_value syncobj=2 -> 4 (err=0)
[hkql]   get_value syncobj=2 -> 4 (err=0)
[hkql]   get_value syncobj=2 -> 4 (err=0)
[hkql]   get_value syncobj=2 -> 4 (err=0)
[hkql]   get_value syncobj=2 -> 4 (err=0)
[hkql]   get_value syncobj=2 -> 4 (err=0)
[hkql]   get_value syncobj=2 -> 4 (err=0)
[hkql]   get_value syncobj=2 -> 4 (err=0)
[hkql]   get_value syncobj=2 -> 4 (err=0)
[hkql]   get_value syncobj=2 -> 4 (err=0)
[hkql]   get_value syncobj=2 -> 4 (err=0)
[hkql]   get_value syncobj=2 -> 4 (err=0)
[hkql]   get_value syncobj=2 -> 4 (err=0)
[hkql]   get_value syncobj=2 -> 4 (err=0)
[hkql]   get_value syncobj=2 -> 4 (err=0)
[hkql]   get_value syncobj=2 -> 4 (err=0)
[hkql]   get_value syncobj=2 -> 4 (err=0)
[hkql]   get_value syncobj=2 -> 4 (err=0)
[hkql]   get_value syncobj=2 -> 4 (err=0)
[hkql]   get_value syncobj=2 -> 4 (err=0)
[hkql]   get_value syncobj=2 -> 4 (err=0)
[hkql]   get_value syncobj=2 -> 4 (err=0)
[hkql]   get_value syncobj=2 -> 4 (err=0)
[hkql]   get_value syncobj=2 -> 4 (err=0)
[hkql]   get_value syncobj=2 -> 5 (err=0)
[hkql]   get_value syncobj=2 -> 5 (err=0)
[hkql 124748.967]   signal[0] syncobj=2 type=1 value=6 flags=1
[hkql 124748.967] cmdbuf 0xaaaad75468b0: CDM calls=1 cmds=1 flushes=1 merged=0 linked=0 timeline=6 gpu_done=5
[hkql 124748.967] submit ioctl ret=0 took 0.000 s cmdbuf_size=72 in=0 out=2
[hkql]   get_value syncobj=2 -> 5 (err=0)
[hkql]   get_value syncobj=2 -> 5 (err=0)
[hkql]   get_value syncobj=2 -> 6 (err=0)
[hkql]   get_value syncobj=2 -> 6 (err=0)
[hkql 124749.076]   signal[0] syncobj=2 type=1 value=7 flags=1
[hkql 124749.076] cmdbuf 0xaaaad75468b0: CDM calls=29 cmds=43 flushes=43 merged=35 linked=1 timeline=7 gpu_done=6
[hkql 124749.076] submit ioctl ret=0 took 0.000 s cmdbuf_size=72 in=0 out=2
[hkql]   get_value syncobj=2 -> 6 (err=0)
[hkql]   get_value syncobj=2 -> 6 (err=0)
[hkql]   get_value syncobj=2 -> 6 (err=0)
[hkql]   get_value syncobj=2 -> 6 (err=0)
[hkql]   get_value syncobj=2 -> 6 (err=0)
[hkql]   get_value syncobj=2 -> 6 (err=0)
[hkql]   get_value syncobj=2 -> 6 (err=0)
[hkql]   get_value syncobj=2 -> 6 (err=0)
[hkql]   get_value syncobj=2 -> 6 (err=0)
[hkql]   get_value syncobj=2 -> 6 (err=0)
[hkql]   get_value syncobj=2 -> 6 (err=0)
[hkql]   get_value syncobj=2 -> 6 (err=0)
[hkql]   get_value syncobj=2 -> 6 (err=0)
[hkql]   get_value syncobj=2 -> 6 (err=0)
[hkql]   get_value syncobj=2 -> 6 (err=0)
[hkql]   get_value syncobj=2 -> 6 (err=0)
[hkql]   get_value syncobj=2 -> 6 (err=0)
[hkql]   get_value syncobj=2 -> 6 (err=0)
[hkql]   get_value syncobj=2 -> 6 (err=0)
[hkql]   get_value syncobj=2 -> 6 (err=0)
[hkql]   get_value syncobj=2 -> 6 (err=0)
[hkql]   get_value syncobj=2 -> 6 (err=0)
[hkql]   get_value syncobj=2 -> 6 (err=0)
[hkql]   get_value syncobj=2 -> 6 (err=0)
[hkql]   get_value syncobj=2 -> 6 (err=0)
[hkql]   get_value syncobj=2 -> 6 (err=0)
[hkql]   get_value syncobj=2 -> 6 (err=0)
[hkql]   get_value syncobj=2 -> 6 (err=0)
[hkql]   get_value syncobj=2 -> 6 (err=0)
[hkql]   get_value syncobj=2 -> 6 (err=0)
[hkql]   get_value syncobj=2 -> 6 (err=0)
[hkql]   get_value syncobj=2 -> 6 (err=0)
[hkql]   get_value syncobj=2 -> 6 (err=0)
[hkql]   get_value syncobj=2 -> 6 (err=0)
[hkql]   get_value syncobj=2 -> 6 (err=0)
[hkql]   get_value syncobj=2 -> 6 (err=0)
[hkql]   get_value syncobj=2 -> 6 (err=0)
[hkql]   get_value syncobj=2 -> 6 (err=0)
[hkql]   get_value syncobj=2 -> 6 (err=0)
[hkql]   get_value syncobj=2 -> 6 (err=0)
[hkql]   get_value syncobj=2 -> 6 (err=0)
[hkql]   get_value syncobj=2 -> 6 (err=0)
[hkql]   get_value syncobj=2 -> 6 (err=0)
[hkql]   get_value syncobj=2 -> 6 (err=0)
[hkql]   get_value syncobj=2 -> 6 (err=0)
[hkql]   get_value syncobj=2 -> 6 (err=0)
[hkql]   get_value syncobj=2 -> 6 (err=0)
[hkql]   get_value syncobj=2 -> 6 (err=0)
[hkql]   get_value syncobj=2 -> 6 (err=0)
[hkql]   get_value syncobj=2 -> 6 (err=0)
[hkql]   get_value syncobj=2 -> 6 (err=0)
[hkql]   get_value syncobj=2 -> 6 (err=0)
[hkql]   get_value syncobj=2 -> 7 (err=0)
[hkql]   get_value syncobj=2 -> 7 (err=0)
[hkql 124751.682]   signal[0] syncobj=2 type=1 value=8 flags=1
[hkql 124751.682] cmdbuf 0xaaaad75468b0: CDM calls=1 cmds=1 flushes=1 merged=0 linked=0 timeline=8 gpu_done=7
[hkql 124751.683] submit ioctl ret=0 took 0.000 s cmdbuf_size=72 in=0 out=2
[hkql]   get_value syncobj=2 -> 7 (err=0)
[hkql]   get_value syncobj=2 -> 7 (err=0)
[hkql]   get_value syncobj=2 -> 8 (err=0)
[hkql 124751.792]   signal[0] syncobj=2 type=1 value=9 flags=1
[hkql 124751.792] cmdbuf 0xaaaad75468b0: CDM calls=29 cmds=43 flushes=43 merged=35 linked=1 timeline=9 gpu_done=8
[hkql 124751.792] submit ioctl ret=0 took 0.000 s cmdbuf_size=72 in=0 out=2
[hkql]   get_value syncobj=2 -> 8 (err=0)
[hkql]   get_value syncobj=2 -> 8 (err=0)
[hkql]   get_value syncobj=2 -> 8 (err=0)
[hkql]   get_value syncobj=2 -> 8 (err=0)
[hkql]   get_value syncobj=2 -> 8 (err=0)
[hkql]   get_value syncobj=2 -> 8 (err=0)
[hkql]   get_value syncobj=2 -> 8 (err=0)
[hkql]   get_value syncobj=2 -> 8 (err=0)
[hkql]   get_value syncobj=2 -> 8 (err=0)
[hkql]   get_value syncobj=2 -> 8 (err=0)
[hkql]   get_value syncobj=2 -> 8 (err=0)
[hkql]   get_value syncobj=2 -> 8 (err=0)
[hkql]   get_value syncobj=2 -> 8 (err=0)
[hkql]   get_value syncobj=2 -> 8 (err=0)
[hkql]   get_value syncobj=2 -> 8 (err=0)
[hkql]   get_value syncobj=2 -> 8 (err=0)
[hkql]   get_value syncobj=2 -> 8 (err=0)
[hkql]   get_value syncobj=2 -> 8 (err=0)
[hkql]   get_value syncobj=2 -> 8 (err=0)
[hkql]   get_value syncobj=2 -> 8 (err=0)
[hkql]   get_value syncobj=2 -> 8 (err=0)
[hkql]   get_value syncobj=2 -> 8 (err=0)
[hkql]   get_value syncobj=2 -> 8 (err=0)
[hkql]   get_value syncobj=2 -> 8 (err=0)
[hkql]   get_value syncobj=2 -> 8 (err=0)
[hkql]   get_value syncobj=2 -> 8 (err=0)
[hkql]   get_value syncobj=2 -> 8 (err=0)
[hkql]   get_value syncobj=2 -> 8 (err=0)
[hkql]   get_value syncobj=2 -> 8 (err=0)
[hkql]   get_value syncobj=2 -> 8 (err=0)
[hkql]   get_value syncobj=2 -> 8 (err=0)
[hkql]   get_value syncobj=2 -> 8 (err=0)
[hkql]   get_value syncobj=2 -> 8 (err=0)
[hkql]   get_value syncobj=2 -> 8 (err=0)
[hkql]   get_value syncobj=2 -> 8 (err=0)
[hkql]   get_value syncobj=2 -> 8 (err=0)
[hkql]   get_value syncobj=2 -> 8 (err=0)
[hkql]   get_value syncobj=2 -> 8 (err=0)
[hkql]   get_value syncobj=2 -> 8 (err=0)
[hkql]   get_value syncobj=2 -> 8 (err=0)
[hkql]   get_value syncobj=2 -> 8 (err=0)
[hkql]   get_value syncobj=2 -> 8 (err=0)
[hkql]   get_value syncobj=2 -> 8 (err=0)
[hkql]   get_value syncobj=2 -> 8 (err=0)
[hkql]   get_value syncobj=2 -> 8 (err=0)
[hkql]   get_value syncobj=2 -> 8 (err=0)
[hkql]   get_value syncobj=2 -> 8 (err=0)
[hkql]   get_value syncobj=2 -> 8 (err=0)
[hkql]   get_value syncobj=2 -> 8 (err=0)
[hkql]   get_value syncobj=2 -> 8 (err=0)
[hkql]   get_value syncobj=2 -> 8 (err=0)
[hkql]   get_value syncobj=2 -> 8 (err=0)
[hkql]   get_value syncobj=2 -> 9 (err=0)
[hkql 124754.395]   signal[0] syncobj=2 type=1 value=10 flags=1
[hkql 124754.395] cmdbuf 0xaaaad75468b0: CDM calls=1 cmds=1 flushes=1 merged=0 linked=0 timeline=10 gpu_done=9
[hkql 124754.395] submit ioctl ret=0 took 0.000 s cmdbuf_size=72 in=0 out=2
[hkql]   get_value syncobj=2 -> 9 (err=0)
[hkql]   get_value syncobj=2 -> 9 (err=0)
[hkql]   get_value syncobj=2 -> 10 (err=0)
[hkql]   get_value syncobj=2 -> 10 (err=0)
[hkql 124754.504]   signal[0] syncobj=2 type=1 value=11 flags=1
[hkql 124754.504] cmdbuf 0xaaaad75468b0: CDM calls=29 cmds=43 flushes=43 merged=35 linked=1 timeline=11 gpu_done=10
[hkql 124754.504] submit ioctl ret=0 took 0.000 s cmdbuf_size=72 in=0 out=2
[hkql]   get_value syncobj=2 -> 10 (err=0)
[hkql]   get_value syncobj=2 -> 10 (err=0)
[hkql]   get_value syncobj=2 -> 10 (err=0)
[hkql]   get_value syncobj=2 -> 10 (err=0)
[hkql]   get_value syncobj=2 -> 10 (err=0)
[hkql]   get_value syncobj=2 -> 10 (err=0)
[hkql]   get_value syncobj=2 -> 10 (err=0)
[hkql]   get_value syncobj=2 -> 10 (err=0)
[hkql]   get_value syncobj=2 -> 10 (err=0)
[hkql]   get_value syncobj=2 -> 10 (err=0)
[hkql]   get_value syncobj=2 -> 10 (err=0)
[hkql]   get_value syncobj=2 -> 10 (err=0)
[hkql]   get_value syncobj=2 -> 10 (err=0)
[hkql]   get_value syncobj=2 -> 10 (err=0)
[hkql]   get_value syncobj=2 -> 10 (err=0)
[hkql]   get_value syncobj=2 -> 10 (err=0)
[hkql]   get_value syncobj=2 -> 10 (err=0)
[hkql]   get_value syncobj=2 -> 10 (err=0)
[hkql]   get_value syncobj=2 -> 10 (err=0)
[hkql]   get_value syncobj=2 -> 10 (err=0)
[hkql]   get_value syncobj=2 -> 10 (err=0)
[hkql]   get_value syncobj=2 -> 10 (err=0)
[hkql]   get_value syncobj=2 -> 10 (err=0)
[hkql]   get_value syncobj=2 -> 10 (err=0)
[hkql]   get_value syncobj=2 -> 10 (err=0)
[hkql]   get_value syncobj=2 -> 10 (err=0)
[hkql]   get_value syncobj=2 -> 10 (err=0)
[hkql]   get_value syncobj=2 -> 10 (err=0)
[hkql]   get_value syncobj=2 -> 10 (err=0)
[hkql]   get_value syncobj=2 -> 10 (err=0)
[hkql]   get_value syncobj=2 -> 10 (err=0)
[hkql]   get_value syncobj=2 -> 10 (err=0)
[hkql]   get_value syncobj=2 -> 10 (err=0)
[hkql]   get_value syncobj=2 -> 10 (err=0)
[hkql]   get_value syncobj=2 -> 10 (err=0)
[hkql]   get_value syncobj=2 -> 10 (err=0)
[hkql]   get_value syncobj=2 -> 10 (err=0)
[hkql]   get_value syncobj=2 -> 10 (err=0)
[hkql]   get_value syncobj=2 -> 10 (err=0)
[hkql]   get_value syncobj=2 -> 10 (err=0)
[hkql]   get_value syncobj=2 -> 10 (err=0)
[hkql]   get_value syncobj=2 -> 10 (err=0)
[hkql]   get_value syncobj=2 -> 10 (err=0)
[hkql]   get_value syncobj=2 -> 10 (err=0)
[hkql]   get_value syncobj=2 -> 10 (err=0)
[hkql]   get_value syncobj=2 -> 10 (err=0)
[hkql]   get_value syncobj=2 -> 10 (err=0)
[hkql]   get_value syncobj=2 -> 10 (err=0)
[hkql]   get_value syncobj=2 -> 10 (err=0)
[hkql]   get_value syncobj=2 -> 10 (err=0)
[hkql]   get_value syncobj=2 -> 10 (err=0)
[hkql]   get_value syncobj=2 -> 10 (err=0)
[hkql]   get_value syncobj=2 -> 11 (err=0)
[hkql]   get_value syncobj=2 -> 11 (err=0)
[hkql 124757.107]   signal[0] syncobj=2 type=1 value=12 flags=1
[hkql 124757.107] cmdbuf 0xaaaad75468b0: CDM calls=1 cmds=1 flushes=1 merged=0 linked=0 timeline=12 gpu_done=11
[hkql 124757.107] submit ioctl ret=0 took 0.000 s cmdbuf_size=72 in=0 out=2
[hkql]   get_value syncobj=2 -> 11 (err=0)
[hkql]   get_value syncobj=2 -> 11 (err=0)
[hkql]   get_value syncobj=2 -> 12 (err=0)
[hkql 124757.216]   signal[0] syncobj=2 type=1 value=13 flags=1
[hkql 124757.216] cmdbuf 0xaaaad75468b0: CDM calls=29 cmds=43 flushes=43 merged=35 linked=1 timeline=13 gpu_done=12
[hkql 124757.216] submit ioctl ret=0 took 0.000 s cmdbuf_size=72 in=0 out=2
[hkql]   get_value syncobj=2 -> 12 (err=0)
[hkql]   get_value syncobj=2 -> 12 (err=0)
[hkql]   get_value syncobj=2 -> 12 (err=0)
[hkql]   get_value syncobj=2 -> 12 (err=0)
[hkql]   get_value syncobj=2 -> 12 (err=0)
[hkql]   get_value syncobj=2 -> 12 (err=0)
[hkql]   get_value syncobj=2 -> 12 (err=0)
[hkql]   get_value syncobj=2 -> 12 (err=0)
[hkql]   get_value syncobj=2 -> 12 (err=0)
[hkql]   get_value syncobj=2 -> 12 (err=0)
[hkql]   get_value syncobj=2 -> 12 (err=0)
[hkql]   get_value syncobj=2 -> 12 (err=0)
[hkql]   get_value syncobj=2 -> 12 (err=0)
[hkql]   get_value syncobj=2 -> 12 (err=0)
[hkql]   get_value syncobj=2 -> 12 (err=0)
[hkql]   get_value syncobj=2 -> 12 (err=0)
[hkql]   get_value syncobj=2 -> 12 (err=0)
[hkql]   get_value syncobj=2 -> 12 (err=0)
[hkql]   get_value syncobj=2 -> 12 (err=0)
[hkql]   get_value syncobj=2 -> 12 (err=0)
[hkql]   get_value syncobj=2 -> 12 (err=0)
[hkql]   get_value syncobj=2 -> 12 (err=0)
[hkql]   get_value syncobj=2 -> 12 (err=0)
[hkql]   get_value syncobj=2 -> 12 (err=0)
[hkql]   get_value syncobj=2 -> 12 (err=0)
[hkql]   get_value syncobj=2 -> 12 (err=0)
[hkql]   get_value syncobj=2 -> 12 (err=0)
[hkql]   get_value syncobj=2 -> 12 (err=0)
[hkql]   get_value syncobj=2 -> 12 (err=0)
[hkql]   get_value syncobj=2 -> 12 (err=0)
[hkql]   get_value syncobj=2 -> 12 (err=0)
[hkql]   get_value syncobj=2 -> 12 (err=0)
[hkql]   get_value syncobj=2 -> 12 (err=0)
[hkql]   get_value syncobj=2 -> 12 (err=0)
[hkql]   get_value syncobj=2 -> 12 (err=0)
[hkql]   get_value syncobj=2 -> 12 (err=0)
[hkql]   get_value syncobj=2 -> 12 (err=0)
[hkql]   get_value syncobj=2 -> 12 (err=0)
[hkql]   get_value syncobj=2 -> 12 (err=0)
[hkql]   get_value syncobj=2 -> 12 (err=0)
[hkql]   get_value syncobj=2 -> 12 (err=0)
[hkql]   get_value syncobj=2 -> 12 (err=0)
[hkql]   get_value syncobj=2 -> 12 (err=0)
[hkql]   get_value syncobj=2 -> 12 (err=0)
[hkql]   get_value syncobj=2 -> 12 (err=0)
[hkql]   get_value syncobj=2 -> 12 (err=0)
[hkql]   get_value syncobj=2 -> 12 (err=0)
[hkql]   get_value syncobj=2 -> 12 (err=0)
[hkql]   get_value syncobj=2 -> 12 (err=0)
[hkql]   get_value syncobj=2 -> 12 (err=0)
[hkql]   get_value syncobj=2 -> 12 (err=0)
[hkql]   get_value syncobj=2 -> 12 (err=0)
[hkql]   get_value syncobj=2 -> 13 (err=0)
[hkql 124759.819]   signal[0] syncobj=2 type=1 value=14 flags=1
[hkql 124759.819] cmdbuf 0xaaaad75468b0: CDM calls=1 cmds=1 flushes=1 merged=0 linked=0 timeline=14 gpu_done=13
[hkql 124759.820] submit ioctl ret=0 took 0.000 s cmdbuf_size=72 in=0 out=2
[hkql]   get_value syncobj=2 -> 13 (err=0)
[hkql]   get_value syncobj=2 -> 13 (err=0)
[hkql]   get_value syncobj=2 -> 14 (err=0)
[hkql 124759.929]   signal[0] syncobj=2 type=1 value=15 flags=1
[hkql 124759.929] cmdbuf 0xaaaad75468b0: CDM calls=29 cmds=43 flushes=43 merged=35 linked=1 timeline=15 gpu_done=14
[hkql 124759.929] submit ioctl ret=0 took 0.000 s cmdbuf_size=72 in=0 out=2
[hkql]   get_value syncobj=2 -> 14 (err=0)
[hkql]   get_value syncobj=2 -> 14 (err=0)
[hkql]   get_value syncobj=2 -> 14 (err=0)
[hkql]   get_value syncobj=2 -> 14 (err=0)
[hkql]   get_value syncobj=2 -> 14 (err=0)
[hkql]   get_value syncobj=2 -> 14 (err=0)
[hkql]   get_value syncobj=2 -> 14 (err=0)
[hkql]   get_value syncobj=2 -> 14 (err=0)
[hkql]   get_value syncobj=2 -> 14 (err=0)
[hkql]   get_value syncobj=2 -> 14 (err=0)
[hkql]   get_value syncobj=2 -> 14 (err=0)
[hkql]   get_value syncobj=2 -> 14 (err=0)
[hkql]   get_value syncobj=2 -> 14 (err=0)
[hkql]   get_value syncobj=2 -> 14 (err=0)
[hkql]   get_value syncobj=2 -> 14 (err=0)
[hkql]   get_value syncobj=2 -> 14 (err=0)
[hkql]   get_value syncobj=2 -> 14 (err=0)
[hkql]   get_value syncobj=2 -> 14 (err=0)
[hkql]   get_value syncobj=2 -> 14 (err=0)
[hkql]   get_value syncobj=2 -> 14 (err=0)
[hkql]   get_value syncobj=2 -> 14 (err=0)
[hkql]   get_value syncobj=2 -> 14 (err=0)
[hkql]   get_value syncobj=2 -> 14 (err=0)
[hkql]   get_value syncobj=2 -> 14 (err=0)
[hkql]   get_value syncobj=2 -> 14 (err=0)
[hkql]   get_value syncobj=2 -> 14 (err=0)
[hkql]   get_value syncobj=2 -> 14 (err=0)
[hkql]   get_value syncobj=2 -> 14 (err=0)
[hkql]   get_value syncobj=2 -> 14 (err=0)
[hkql]   get_value syncobj=2 -> 14 (err=0)
[hkql]   get_value syncobj=2 -> 14 (err=0)
[hkql]   get_value syncobj=2 -> 14 (err=0)
[hkql]   get_value syncobj=2 -> 14 (err=0)
[hkql]   get_value syncobj=2 -> 14 (err=0)
[hkql]   get_value syncobj=2 -> 14 (err=0)
[hkql]   get_value syncobj=2 -> 14 (err=0)
[hkql]   get_value syncobj=2 -> 14 (err=0)
[hkql]   get_value syncobj=2 -> 14 (err=0)
[hkql]   get_value syncobj=2 -> 14 (err=0)
[hkql]   get_value syncobj=2 -> 14 (err=0)
[hkql]   get_value syncobj=2 -> 14 (err=0)
[hkql]   get_value syncobj=2 -> 14 (err=0)
[hkql]   get_value syncobj=2 -> 14 (err=0)
[hkql]   get_value syncobj=2 -> 14 (err=0)
[hkql]   get_value syncobj=2 -> 14 (err=0)
[hkql]   get_value syncobj=2 -> 14 (err=0)
[hkql]   get_value syncobj=2 -> 14 (err=0)
[hkql]   get_value syncobj=2 -> 14 (err=0)
[hkql]   get_value syncobj=2 -> 14 (err=0)
[hkql]   get_value syncobj=2 -> 14 (err=0)
[hkql]   get_value syncobj=2 -> 14 (err=0)
[hkql]   get_value syncobj=2 -> 14 (err=0)
[hkql]   get_value syncobj=2 -> 15 (err=0)
[hkql 124762.532]   signal[0] syncobj=2 type=1 value=16 flags=1
[hkql 124762.532] cmdbuf 0xaaaad75468b0: CDM calls=1 cmds=1 flushes=1 merged=0 linked=0 timeline=16 gpu_done=15
[hkql 124762.533] submit ioctl ret=0 took 0.000 s cmdbuf_size=72 in=0 out=2
[hkql]   get_value syncobj=2 -> 15 (err=0)
[hkql]   get_value syncobj=2 -> 15 (err=0)
[hkql]   get_value syncobj=2 -> 16 (err=0)
[hkql 124762.642]   signal[0] syncobj=2 type=1 value=17 flags=1
[hkql 124762.642] cmdbuf 0xaaaad75468b0: CDM calls=29 cmds=43 flushes=43 merged=35 linked=1 timeline=17 gpu_done=16
[hkql 124762.642] submit ioctl ret=0 took 0.000 s cmdbuf_size=72 in=0 out=2
[hkql]   get_value syncobj=2 -> 16 (err=0)
[hkql]   get_value syncobj=2 -> 16 (err=0)
[hkql]   get_value syncobj=2 -> 16 (err=0)
[hkql]   get_value syncobj=2 -> 16 (err=0)
[hkql]   get_value syncobj=2 -> 16 (err=0)
[hkql]   get_value syncobj=2 -> 16 (err=0)
[hkql]   get_value syncobj=2 -> 16 (err=0)
[hkql]   get_value syncobj=2 -> 16 (err=0)
[hkql]   get_value syncobj=2 -> 16 (err=0)
[hkql]   get_value syncobj=2 -> 16 (err=0)
[hkql]   get_value syncobj=2 -> 16 (err=0)
[hkql]   get_value syncobj=2 -> 16 (err=0)
[hkql]   get_value syncobj=2 -> 16 (err=0)
[hkql]   get_value syncobj=2 -> 16 (err=0)
[hkql]   get_value syncobj=2 -> 16 (err=0)
[hkql]   get_value syncobj=2 -> 16 (err=0)
[hkql]   get_value syncobj=2 -> 16 (err=0)
[hkql]   get_value syncobj=2 -> 16 (err=0)
[hkql]   get_value syncobj=2 -> 16 (err=0)
[hkql]   get_value syncobj=2 -> 16 (err=0)
[hkql]   get_value syncobj=2 -> 16 (err=0)
[hkql]   get_value syncobj=2 -> 16 (err=0)
[hkql]   get_value syncobj=2 -> 16 (err=0)
[hkql]   get_value syncobj=2 -> 16 (err=0)
[hkql]   get_value syncobj=2 -> 16 (err=0)
[hkql]   get_value syncobj=2 -> 16 (err=0)
[hkql]   get_value syncobj=2 -> 16 (err=0)
[hkql]   get_value syncobj=2 -> 16 (err=0)
[hkql]   get_value syncobj=2 -> 16 (err=0)
[hkql]   get_value syncobj=2 -> 16 (err=0)
[hkql]   get_value syncobj=2 -> 16 (err=0)
[hkql]   get_value syncobj=2 -> 16 (err=0)
[hkql]   get_value syncobj=2 -> 16 (err=0)
[hkql]   get_value syncobj=2 -> 16 (err=0)
[hkql]   get_value syncobj=2 -> 16 (err=0)
[hkql]   get_value syncobj=2 -> 16 (err=0)
[hkql]   get_value syncobj=2 -> 16 (err=0)
[hkql]   get_value syncobj=2 -> 16 (err=0)
[hkql]   get_value syncobj=2 -> 16 (err=0)
[hkql]   get_value syncobj=2 -> 16 (err=0)
[hkql]   get_value syncobj=2 -> 16 (err=0)
[hkql]   get_value syncobj=2 -> 16 (err=0)
[hkql]   get_value syncobj=2 -> 16 (err=0)
[hkql]   get_value syncobj=2 -> 16 (err=0)
[hkql]   get_value syncobj=2 -> 16 (err=0)
[hkql]   get_value syncobj=2 -> 16 (err=0)
[hkql]   get_value syncobj=2 -> 16 (err=0)
[hkql]   get_value syncobj=2 -> 16 (err=0)
[hkql]   get_value syncobj=2 -> 16 (err=0)
[hkql]   get_value syncobj=2 -> 16 (err=0)
[hkql]   get_value syncobj=2 -> 16 (err=0)
[hkql]   get_value syncobj=2 -> 16 (err=0)
[hkql]   get_value syncobj=2 -> 17 (err=0)
[hkql 124765.245]   signal[0] syncobj=2 type=1 value=18 flags=1
[hkql 124765.245] cmdbuf 0xaaaad75468b0: CDM calls=1 cmds=1 flushes=1 merged=0 linked=0 timeline=18 gpu_done=17
[hkql 124765.245] submit ioctl ret=0 took 0.000 s cmdbuf_size=72 in=0 out=2
[hkql]   get_value syncobj=2 -> 17 (err=0)
[hkql]   get_value syncobj=2 -> 17 (err=0)
[hkql]   get_value syncobj=2 -> 18 (err=0)
[hkql]   get_value syncobj=2 -> 18 (err=0)
[hkql 124765.354]   signal[0] syncobj=2 type=1 value=19 flags=1
[hkql 124765.354] cmdbuf 0xaaaad75468b0: CDM calls=29 cmds=43 flushes=43 merged=35 linked=1 timeline=19 gpu_done=18
[hkql 124765.355] submit ioctl ret=0 took 0.000 s cmdbuf_size=72 in=0 out=2
[hkql]   get_value syncobj=2 -> 18 (err=0)
[hkql]   get_value syncobj=2 -> 18 (err=0)
[hkql]   get_value syncobj=2 -> 18 (err=0)
[hkql]   get_value syncobj=2 -> 18 (err=0)
[hkql]   get_value syncobj=2 -> 18 (err=0)
[hkql]   get_value syncobj=2 -> 18 (err=0)
[hkql]   get_value syncobj=2 -> 18 (err=0)
[hkql]   get_value syncobj=2 -> 18 (err=0)
[hkql]   get_value syncobj=2 -> 18 (err=0)
[hkql]   get_value syncobj=2 -> 18 (err=0)
[hkql]   get_value syncobj=2 -> 18 (err=0)
[hkql]   get_value syncobj=2 -> 18 (err=0)
[hkql]   get_value syncobj=2 -> 18 (err=0)
[hkql]   get_value syncobj=2 -> 18 (err=0)
[hkql]   get_value syncobj=2 -> 18 (err=0)
[hkql]   get_value syncobj=2 -> 18 (err=0)
[hkql]   get_value syncobj=2 -> 18 (err=0)
[hkql]   get_value syncobj=2 -> 18 (err=0)
[hkql]   get_value syncobj=2 -> 18 (err=0)
[hkql]   get_value syncobj=2 -> 18 (err=0)
[hkql]   get_value syncobj=2 -> 18 (err=0)
[hkql]   get_value syncobj=2 -> 18 (err=0)
[hkql]   get_value syncobj=2 -> 18 (err=0)
[hkql]   get_value syncobj=2 -> 18 (err=0)
[hkql]   get_value syncobj=2 -> 18 (err=0)
[hkql]   get_value syncobj=2 -> 18 (err=0)
[hkql]   get_value syncobj=2 -> 18 (err=0)
[hkql]   get_value syncobj=2 -> 18 (err=0)
[hkql]   get_value syncobj=2 -> 18 (err=0)
[hkql]   get_value syncobj=2 -> 18 (err=0)
[hkql]   get_value syncobj=2 -> 18 (err=0)
[hkql]   get_value syncobj=2 -> 18 (err=0)
[hkql]   get_value syncobj=2 -> 18 (err=0)
[hkql]   get_value syncobj=2 -> 18 (err=0)
[hkql]   get_value syncobj=2 -> 18 (err=0)
[hkql]   get_value syncobj=2 -> 18 (err=0)
[hkql]   get_value syncobj=2 -> 18 (err=0)
[hkql]   get_value syncobj=2 -> 18 (err=0)
[hkql]   get_value syncobj=2 -> 18 (err=0)
[hkql]   get_value syncobj=2 -> 18 (err=0)
[hkql]   get_value syncobj=2 -> 18 (err=0)
[hkql]   get_value syncobj=2 -> 18 (err=0)
[hkql]   get_value syncobj=2 -> 18 (err=0)
[hkql]   get_value syncobj=2 -> 18 (err=0)
[hkql]   get_value syncobj=2 -> 18 (err=0)
[hkql]   get_value syncobj=2 -> 18 (err=0)
[hkql]   get_value syncobj=2 -> 18 (err=0)
[hkql]   get_value syncobj=2 -> 18 (err=0)
[hkql]   get_value syncobj=2 -> 18 (err=0)
[hkql]   get_value syncobj=2 -> 18 (err=0)
[hkql]   get_value syncobj=2 -> 18 (err=0)
[hkql]   get_value syncobj=2 -> 18 (err=0)
[hkql]   get_value syncobj=2 -> 19 (err=0)
[hkql 124767.958]   signal[0] syncobj=2 type=1 value=20 flags=1
[hkql 124767.958] cmdbuf 0xaaaad75468b0: CDM calls=1 cmds=1 flushes=1 merged=0 linked=0 timeline=20 gpu_done=19
[hkql 124767.958] submit ioctl ret=0 took 0.000 s cmdbuf_size=72 in=0 out=2
[hkql]   get_value syncobj=2 -> 19 (err=0)
[hkql]   get_value syncobj=2 -> 19 (err=0)
[hkql]   get_value syncobj=2 -> 20 (err=0)
[hkql 124768.067]   signal[0] syncobj=2 type=1 value=21 flags=1
[hkql 124768.067] cmdbuf 0xaaaad75468b0: CDM calls=29 cmds=43 flushes=43 merged=35 linked=1 timeline=21 gpu_done=20
[hkql 124768.067] submit ioctl ret=0 took 0.000 s cmdbuf_size=72 in=0 out=2
[hkql]   get_value syncobj=2 -> 20 (err=0)
[hkql]   get_value syncobj=2 -> 20 (err=0)
[hkql]   get_value syncobj=2 -> 20 (err=0)
[hkql]   get_value syncobj=2 -> 20 (err=0)
[hkql]   get_value syncobj=2 -> 20 (err=0)
[hkql]   get_value syncobj=2 -> 20 (err=0)
[hkql]   get_value syncobj=2 -> 20 (err=0)
[hkql]   get_value syncobj=2 -> 20 (err=0)
[hkql]   get_value syncobj=2 -> 20 (err=0)
[hkql]   get_value syncobj=2 -> 20 (err=0)
[hkql]   get_value syncobj=2 -> 20 (err=0)
[hkql]   get_value syncobj=2 -> 20 (err=0)
[hkql]   get_value syncobj=2 -> 20 (err=0)
[hkql]   get_value syncobj=2 -> 20 (err=0)
[hkql]   get_value syncobj=2 -> 20 (err=0)
[hkql]   get_value syncobj=2 -> 20 (err=0)
[hkql]   get_value syncobj=2 -> 20 (err=0)
[hkql]   get_value syncobj=2 -> 20 (err=0)
[hkql]   get_value syncobj=2 -> 20 (err=0)
[hkql]   get_value syncobj=2 -> 20 (err=0)
[hkql]   get_value syncobj=2 -> 20 (err=0)
[hkql]   get_value syncobj=2 -> 20 (err=0)
[hkql]   get_value syncobj=2 -> 20 (err=0)
[hkql]   get_value syncobj=2 -> 20 (err=0)
[hkql]   get_value syncobj=2 -> 20 (err=0)
[hkql]   get_value syncobj=2 -> 20 (err=0)
[hkql]   get_value syncobj=2 -> 20 (err=0)
[hkql]   get_value syncobj=2 -> 20 (err=0)
[hkql]   get_value syncobj=2 -> 20 (err=0)
[hkql]   get_value syncobj=2 -> 20 (err=0)
[hkql]   get_value syncobj=2 -> 20 (err=0)
[hkql]   get_value syncobj=2 -> 20 (err=0)
[hkql]   get_value syncobj=2 -> 20 (err=0)
[hkql]   get_value syncobj=2 -> 20 (err=0)
[hkql]   get_value syncobj=2 -> 20 (err=0)
[hkql]   get_value syncobj=2 -> 20 (err=0)
[hkql]   get_value syncobj=2 -> 20 (err=0)
[hkql]   get_value syncobj=2 -> 20 (err=0)
[hkql]   get_value syncobj=2 -> 20 (err=0)
[hkql]   get_value syncobj=2 -> 20 (err=0)
[hkql]   get_value syncobj=2 -> 20 (err=0)
[hkql]   get_value syncobj=2 -> 20 (err=0)
[hkql]   get_value syncobj=2 -> 20 (err=0)
[hkql]   get_value syncobj=2 -> 20 (err=0)
[hkql]   get_value syncobj=2 -> 20 (err=0)
[hkql]   get_value syncobj=2 -> 20 (err=0)
[hkql]   get_value syncobj=2 -> 20 (err=0)
[hkql]   get_value syncobj=2 -> 20 (err=0)
[hkql]   get_value syncobj=2 -> 20 (err=0)
[hkql]   get_value syncobj=2 -> 20 (err=0)
[hkql]   get_value syncobj=2 -> 20 (err=0)
[hkql]   get_value syncobj=2 -> 20 (err=0)
[hkql]   get_value syncobj=2 -> 21 (err=0)
[hkql 124770.670]   signal[0] syncobj=2 type=1 value=22 flags=1
[hkql 124770.670] cmdbuf 0xaaaad75468b0: CDM calls=1 cmds=1 flushes=1 merged=0 linked=0 timeline=22 gpu_done=21
[hkql 124770.670] submit ioctl ret=0 took 0.000 s cmdbuf_size=72 in=0 out=2
[hkql]   get_value syncobj=2 -> 21 (err=0)
[hkql]   get_value syncobj=2 -> 21 (err=0)
[hkql]   get_value syncobj=2 -> 22 (err=0)
[hkql 124770.780]   signal[0] syncobj=2 type=1 value=23 flags=1
[hkql 124770.780] cmdbuf 0xaaaad75468b0: CDM calls=29 cmds=43 flushes=43 merged=35 linked=1 timeline=23 gpu_done=22
[hkql 124770.780] submit ioctl ret=0 took 0.000 s cmdbuf_size=72 in=0 out=2
[hkql]   get_value syncobj=2 -> 22 (err=0)
[hkql]   get_value syncobj=2 -> 22 (err=0)
[hkql]   get_value syncobj=2 -> 22 (err=0)
[hkql]   get_value syncobj=2 -> 22 (err=0)
[hkql]   get_value syncobj=2 -> 22 (err=0)
[hkql]   get_value syncobj=2 -> 22 (err=0)
[hkql]   get_value syncobj=2 -> 22 (err=0)
[hkql]   get_value syncobj=2 -> 22 (err=0)
[hkql]   get_value syncobj=2 -> 22 (err=0)
[hkql]   get_value syncobj=2 -> 22 (err=0)
[hkql]   get_value syncobj=2 -> 22 (err=0)
[hkql]   get_value syncobj=2 -> 22 (err=0)
[hkql]   get_value syncobj=2 -> 22 (err=0)
[hkql]   get_value syncobj=2 -> 22 (err=0)
[hkql]   get_value syncobj=2 -> 22 (err=0)
[hkql]   get_value syncobj=2 -> 22 (err=0)
[hkql]   get_value syncobj=2 -> 22 (err=0)
[hkql]   get_value syncobj=2 -> 22 (err=0)
[hkql]   get_value syncobj=2 -> 22 (err=0)
[hkql]   get_value syncobj=2 -> 22 (err=0)
[hkql]   get_value syncobj=2 -> 22 (err=0)
[hkql]   get_value syncobj=2 -> 22 (err=0)
[hkql]   get_value syncobj=2 -> 22 (err=0)
[hkql]   get_value syncobj=2 -> 22 (err=0)
[hkql]   get_value syncobj=2 -> 22 (err=0)
[hkql]   get_value syncobj=2 -> 22 (err=0)
[hkql]   get_value syncobj=2 -> 22 (err=0)
[hkql]   get_value syncobj=2 -> 22 (err=0)
[hkql]   get_value syncobj=2 -> 22 (err=0)
[hkql]   get_value syncobj=2 -> 22 (err=0)
[hkql]   get_value syncobj=2 -> 22 (err=0)
[hkql]   get_value syncobj=2 -> 22 (err=0)
[hkql]   get_value syncobj=2 -> 22 (err=0)
[hkql]   get_value syncobj=2 -> 22 (err=0)
[hkql]   get_value syncobj=2 -> 22 (err=0)
[hkql]   get_value syncobj=2 -> 22 (err=0)
[hkql]   get_value syncobj=2 -> 22 (err=0)
[hkql]   get_value syncobj=2 -> 22 (err=0)
[hkql]   get_value syncobj=2 -> 22 (err=0)
[hkql]   get_value syncobj=2 -> 22 (err=0)
[hkql]   get_value syncobj=2 -> 22 (err=0)
[hkql]   get_value syncobj=2 -> 22 (err=0)
[hkql]   get_value syncobj=2 -> 22 (err=0)
[hkql]   get_value syncobj=2 -> 22 (err=0)
[hkql]   get_value syncobj=2 -> 22 (err=0)
[hkql]   get_value syncobj=2 -> 22 (err=0)
[hkql]   get_value syncobj=2 -> 22 (err=0)
[hkql]   get_value syncobj=2 -> 22 (err=0)
[hkql]   get_value syncobj=2 -> 22 (err=0)
[hkql]   get_value syncobj=2 -> 22 (err=0)
[hkql]   get_value syncobj=2 -> 22 (err=0)
[hkql]   get_value syncobj=2 -> 22 (err=0)
[hkql]   get_value syncobj=2 -> 23 (err=0)
[hkql]   get_value syncobj=2 -> 23 (err=0)
[hkql 124773.383]   signal[0] syncobj=2 type=1 value=24 flags=1
[hkql 124773.383] cmdbuf 0xaaaad75468b0: CDM calls=1 cmds=1 flushes=1 merged=0 linked=0 timeline=24 gpu_done=23
[hkql 124773.383] submit ioctl ret=0 took 0.000 s cmdbuf_size=72 in=0 out=2
[hkql]   get_value syncobj=2 -> 23 (err=0)
[hkql]   get_value syncobj=2 -> 23 (err=0)
[hkql]   get_value syncobj=2 -> 24 (err=0)
[hkql]   get_value syncobj=2 -> 24 (err=0)
[hkql 124773.494]   signal[0] syncobj=2 type=1 value=25 flags=1
[hkql 124773.494] cmdbuf 0xaaaad75468b0: CDM calls=29 cmds=43 flushes=43 merged=35 linked=1 timeline=25 gpu_done=24
[hkql 124773.494] submit ioctl ret=0 took 0.000 s cmdbuf_size=72 in=0 out=2
[hkql]   get_value syncobj=2 -> 24 (err=0)
[hkql]   get_value syncobj=2 -> 24 (err=0)
[hkql]   get_value syncobj=2 -> 24 (err=0)
[hkql]   get_value syncobj=2 -> 24 (err=0)
[hkql]   get_value syncobj=2 -> 24 (err=0)
[hkql]   get_value syncobj=2 -> 24 (err=0)
[hkql]   get_value syncobj=2 -> 24 (err=0)
[hkql]   get_value syncobj=2 -> 24 (err=0)
[hkql]   get_value syncobj=2 -> 24 (err=0)
[hkql]   get_value syncobj=2 -> 24 (err=0)
[hkql]   get_value syncobj=2 -> 24 (err=0)
[hkql]   get_value syncobj=2 -> 24 (err=0)
[hkql]   get_value syncobj=2 -> 24 (err=0)
[hkql]   get_value syncobj=2 -> 24 (err=0)
[hkql]   get_value syncobj=2 -> 24 (err=0)
[hkql]   get_value syncobj=2 -> 24 (err=0)
[hkql]   get_value syncobj=2 -> 24 (err=0)
[hkql]   get_value syncobj=2 -> 24 (err=0)
[hkql]   get_value syncobj=2 -> 24 (err=0)
[hkql]   get_value syncobj=2 -> 24 (err=0)
[hkql]   get_value syncobj=2 -> 24 (err=0)
[hkql]   get_value syncobj=2 -> 24 (err=0)
[hkql]   get_value syncobj=2 -> 24 (err=0)
[hkql]   get_value syncobj=2 -> 24 (err=0)
[hkql]   get_value syncobj=2 -> 24 (err=0)
[hkql]   get_value syncobj=2 -> 24 (err=0)
[hkql]   get_value syncobj=2 -> 24 (err=0)
[hkql]   get_value syncobj=2 -> 24 (err=0)
[hkql]   get_value syncobj=2 -> 24 (err=0)
[hkql]   get_value syncobj=2 -> 24 (err=0)
[hkql]   get_value syncobj=2 -> 24 (err=0)
[hkql]   get_value syncobj=2 -> 24 (err=0)
[hkql]   get_value syncobj=2 -> 24 (err=0)
[hkql]   get_value syncobj=2 -> 24 (err=0)
[hkql]   get_value syncobj=2 -> 24 (err=0)
[hkql]   get_value syncobj=2 -> 24 (err=0)
[hkql]   get_value syncobj=2 -> 24 (err=0)
[hkql]   get_value syncobj=2 -> 24 (err=0)
[hkql]   get_value syncobj=2 -> 24 (err=0)
[hkql]   get_value syncobj=2 -> 24 (err=0)
[hkql]   get_value syncobj=2 -> 24 (err=0)
[hkql]   get_value syncobj=2 -> 24 (err=0)
[hkql]   get_value syncobj=2 -> 24 (err=0)
[hkql]   get_value syncobj=2 -> 24 (err=0)
[hkql]   get_value syncobj=2 -> 24 (err=0)
[hkql]   get_value syncobj=2 -> 24 (err=0)
[hkql]   get_value syncobj=2 -> 24 (err=0)
[hkql]   get_value syncobj=2 -> 24 (err=0)
[hkql]   get_value syncobj=2 -> 24 (err=0)
[hkql]   get_value syncobj=2 -> 24 (err=0)
[hkql]   get_value syncobj=2 -> 24 (err=0)
[hkql]   get_value syncobj=2 -> 24 (err=0)
[hkql]   get_value syncobj=2 -> 25 (err=0)
[hkql 124776.097]   signal[0] syncobj=2 type=1 value=26 flags=1
[hkql 124776.097] cmdbuf 0xaaaad75468b0: CDM calls=1 cmds=1 flushes=1 merged=0 linked=0 timeline=26 gpu_done=25
[hkql 124776.097] submit ioctl ret=0 took 0.000 s cmdbuf_size=72 in=0 out=2
[hkql]   get_value syncobj=2 -> 25 (err=0)
[hkql]   get_value syncobj=2 -> 25 (err=0)
[hkql]   get_value syncobj=2 -> 26 (err=0)
[hkql 124776.206]   signal[0] syncobj=2 type=1 value=27 flags=1
[hkql 124776.206] cmdbuf 0xaaaad75468b0: CDM calls=29 cmds=43 flushes=43 merged=35 linked=1 timeline=27 gpu_done=26
[hkql 124776.207] submit ioctl ret=0 took 0.000 s cmdbuf_size=72 in=0 out=2
[hkql]   get_value syncobj=2 -> 26 (err=0)
[hkql]   get_value syncobj=2 -> 26 (err=0)
[hkql]   get_value syncobj=2 -> 26 (err=0)
[hkql]   get_value syncobj=2 -> 26 (err=0)
[hkql]   get_value syncobj=2 -> 26 (err=0)
[hkql]   get_value syncobj=2 -> 26 (err=0)
[hkql]   get_value syncobj=2 -> 26 (err=0)
[hkql]   get_value syncobj=2 -> 26 (err=0)
[hkql]   get_value syncobj=2 -> 26 (err=0)
[hkql]   get_value syncobj=2 -> 26 (err=0)
[hkql]   get_value syncobj=2 -> 26 (err=0)
[hkql]   get_value syncobj=2 -> 26 (err=0)
[hkql]   get_value syncobj=2 -> 26 (err=0)
[hkql]   get_value syncobj=2 -> 26 (err=0)
[hkql]   get_value syncobj=2 -> 26 (err=0)
[hkql]   get_value syncobj=2 -> 26 (err=0)
[hkql]   get_value syncobj=2 -> 26 (err=0)
[hkql]   get_value syncobj=2 -> 26 (err=0)
[hkql]   get_value syncobj=2 -> 26 (err=0)
[hkql]   get_value syncobj=2 -> 26 (err=0)
[hkql]   get_value syncobj=2 -> 26 (err=0)
[hkql]   get_value syncobj=2 -> 26 (err=0)
[hkql]   get_value syncobj=2 -> 26 (err=0)
[hkql]   get_value syncobj=2 -> 26 (err=0)
[hkql]   get_value syncobj=2 -> 26 (err=0)
[hkql]   get_value syncobj=2 -> 26 (err=0)
[hkql]   get_value syncobj=2 -> 26 (err=0)
[hkql]   get_value syncobj=2 -> 26 (err=0)
[hkql]   get_value syncobj=2 -> 26 (err=0)
[hkql]   get_value syncobj=2 -> 26 (err=0)
[hkql]   get_value syncobj=2 -> 26 (err=0)
[hkql]   get_value syncobj=2 -> 26 (err=0)
[hkql]   get_value syncobj=2 -> 26 (err=0)
[hkql]   get_value syncobj=2 -> 26 (err=0)
[hkql]   get_value syncobj=2 -> 26 (err=0)
[hkql]   get_value syncobj=2 -> 26 (err=0)
[hkql]   get_value syncobj=2 -> 26 (err=0)
[hkql]   get_value syncobj=2 -> 26 (err=0)
[hkql]   get_value syncobj=2 -> 26 (err=0)
[hkql]   get_value syncobj=2 -> 26 (err=0)
[hkql]   get_value syncobj=2 -> 26 (err=0)
[hkql]   get_value syncobj=2 -> 26 (err=0)
[hkql]   get_value syncobj=2 -> 26 (err=0)
[hkql]   get_value syncobj=2 -> 26 (err=0)
[hkql]   get_value syncobj=2 -> 26 (err=0)
[hkql]   get_value syncobj=2 -> 26 (err=0)
[hkql]   get_value syncobj=2 -> 26 (err=0)
[hkql]   get_value syncobj=2 -> 26 (err=0)
[hkql]   get_value syncobj=2 -> 26 (err=0)
[hkql]   get_value syncobj=2 -> 26 (err=0)
[hkql]   get_value syncobj=2 -> 26 (err=0)
[hkql]   get_value syncobj=2 -> 26 (err=0)
[hkql]   get_value syncobj=2 -> 27 (err=0)
[hkql 124778.810]   signal[0] syncobj=2 type=1 value=28 flags=1
[hkql 124778.810] cmdbuf 0xaaaad75468b0: CDM calls=1 cmds=1 flushes=1 merged=0 linked=0 timeline=28 gpu_done=27
[hkql 124778.810] submit ioctl ret=0 took 0.000 s cmdbuf_size=72 in=0 out=2
[hkql]   get_value syncobj=2 -> 27 (err=0)
[hkql]   get_value syncobj=2 -> 27 (err=0)
[hkql]   get_value syncobj=2 -> 28 (err=0)
[hkql 124778.919]   signal[0] syncobj=2 type=1 value=29 flags=1
[hkql 124778.919] cmdbuf 0xaaaad75468b0: CDM calls=29 cmds=43 flushes=43 merged=35 linked=1 timeline=29 gpu_done=28
[hkql 124778.919] submit ioctl ret=0 took 0.000 s cmdbuf_size=72 in=0 out=2
[hkql]   get_value syncobj=2 -> 28 (err=0)
[hkql]   get_value syncobj=2 -> 28 (err=0)
[hkql]   get_value syncobj=2 -> 28 (err=0)
[hkql]   get_value syncobj=2 -> 28 (err=0)
[hkql]   get_value syncobj=2 -> 28 (err=0)
[hkql]   get_value syncobj=2 -> 28 (err=0)
[hkql]   get_value syncobj=2 -> 28 (err=0)
[hkql]   get_value syncobj=2 -> 28 (err=0)
[hkql]   get_value syncobj=2 -> 28 (err=0)
[hkql]   get_value syncobj=2 -> 28 (err=0)
[hkql]   get_value syncobj=2 -> 28 (err=0)
[hkql]   get_value syncobj=2 -> 28 (err=0)
[hkql]   get_value syncobj=2 -> 28 (err=0)
[hkql]   get_value syncobj=2 -> 28 (err=0)
[hkql]   get_value syncobj=2 -> 28 (err=0)
[hkql]   get_value syncobj=2 -> 28 (err=0)
[hkql]   get_value syncobj=2 -> 28 (err=0)
[hkql]   get_value syncobj=2 -> 28 (err=0)
[hkql]   get_value syncobj=2 -> 28 (err=0)
[hkql]   get_value syncobj=2 -> 28 (err=0)
[hkql]   get_value syncobj=2 -> 28 (err=0)
[hkql]   get_value syncobj=2 -> 28 (err=0)
[hkql]   get_value syncobj=2 -> 28 (err=0)
[hkql]   get_value syncobj=2 -> 28 (err=0)
[hkql]   get_value syncobj=2 -> 28 (err=0)
[hkql]   get_value syncobj=2 -> 28 (err=0)
[hkql]   get_value syncobj=2 -> 28 (err=0)
[hkql]   get_value syncobj=2 -> 28 (err=0)
[hkql]   get_value syncobj=2 -> 28 (err=0)
[hkql]   get_value syncobj=2 -> 28 (err=0)
[hkql]   get_value syncobj=2 -> 28 (err=0)
[hkql]   get_value syncobj=2 -> 28 (err=0)
[hkql]   get_value syncobj=2 -> 28 (err=0)
[hkql]   get_value syncobj=2 -> 28 (err=0)
[hkql]   get_value syncobj=2 -> 28 (err=0)
[hkql]   get_value syncobj=2 -> 28 (err=0)
[hkql]   get_value syncobj=2 -> 28 (err=0)
[hkql]   get_value syncobj=2 -> 28 (err=0)
[hkql]   get_value syncobj=2 -> 28 (err=0)
[hkql]   get_value syncobj=2 -> 28 (err=0)
[hkql]   get_value syncobj=2 -> 28 (err=0)
[hkql]   get_value syncobj=2 -> 28 (err=0)
[hkql]   get_value syncobj=2 -> 28 (err=0)
[hkql]   get_value syncobj=2 -> 28 (err=0)
[hkql]   get_value syncobj=2 -> 28 (err=0)
[hkql]   get_value syncobj=2 -> 28 (err=0)
[hkql]   get_value syncobj=2 -> 28 (err=0)
[hkql]   get_value syncobj=2 -> 28 (err=0)
[hkql]   get_value syncobj=2 -> 28 (err=0)
[hkql]   get_value syncobj=2 -> 28 (err=0)
[hkql]   get_value syncobj=2 -> 28 (err=0)
[hkql]   get_value syncobj=2 -> 28 (err=0)
[hkql]   get_value syncobj=2 -> 29 (err=0)
[hkql 124781.523]   signal[0] syncobj=2 type=1 value=30 flags=1
[hkql 124781.523] cmdbuf 0xaaaad75468b0: CDM calls=1 cmds=1 flushes=1 merged=0 linked=0 timeline=30 gpu_done=29
[hkql 124781.523] submit ioctl ret=0 took 0.000 s cmdbuf_size=72 in=0 out=2
[hkql]   get_value syncobj=2 -> 29 (err=0)
[hkql]   get_value syncobj=2 -> 29 (err=0)
[hkql]   get_value syncobj=2 -> 30 (err=0)
[hkql 124781.632]   signal[0] syncobj=2 type=1 value=31 flags=1
[hkql 124781.632] cmdbuf 0xaaaad75468b0: CDM calls=29 cmds=43 flushes=43 merged=35 linked=1 timeline=31 gpu_done=30
[hkql 124781.632] submit ioctl ret=0 took 0.000 s cmdbuf_size=72 in=0 out=2
[hkql]   get_value syncobj=2 -> 30 (err=0)
[hkql]   get_value syncobj=2 -> 30 (err=0)
[hkql]   get_value syncobj=2 -> 30 (err=0)
[hkql]   get_value syncobj=2 -> 30 (err=0)
[hkql]   get_value syncobj=2 -> 30 (err=0)
[hkql]   get_value syncobj=2 -> 30 (err=0)
[hkql]   get_value syncobj=2 -> 30 (err=0)
[hkql]   get_value syncobj=2 -> 30 (err=0)
[hkql]   get_value syncobj=2 -> 30 (err=0)
[hkql]   get_value syncobj=2 -> 30 (err=0)
[hkql]   get_value syncobj=2 -> 30 (err=0)
[hkql]   get_value syncobj=2 -> 30 (err=0)
[hkql]   get_value syncobj=2 -> 30 (err=0)
[hkql]   get_value syncobj=2 -> 30 (err=0)
[hkql]   get_value syncobj=2 -> 30 (err=0)
[hkql]   get_value syncobj=2 -> 30 (err=0)
[hkql]   get_value syncobj=2 -> 30 (err=0)
[hkql]   get_value syncobj=2 -> 30 (err=0)
[hkql]   get_value syncobj=2 -> 30 (err=0)
[hkql]   get_value syncobj=2 -> 30 (err=0)
[hkql]   get_value syncobj=2 -> 30 (err=0)
[hkql]   get_value syncobj=2 -> 30 (err=0)
[hkql]   get_value syncobj=2 -> 30 (err=0)
[hkql]   get_value syncobj=2 -> 30 (err=0)
[hkql]   get_value syncobj=2 -> 30 (err=0)
[hkql]   get_value syncobj=2 -> 30 (err=0)
[hkql]   get_value syncobj=2 -> 30 (err=0)
[hkql]   get_value syncobj=2 -> 30 (err=0)
[hkql]   get_value syncobj=2 -> 30 (err=0)
[hkql]   get_value syncobj=2 -> 30 (err=0)
[hkql]   get_value syncobj=2 -> 30 (err=0)
[hkql]   get_value syncobj=2 -> 30 (err=0)
[hkql]   get_value syncobj=2 -> 30 (err=0)
[hkql]   get_value syncobj=2 -> 30 (err=0)
[hkql]   get_value syncobj=2 -> 30 (err=0)
[hkql]   get_value syncobj=2 -> 30 (err=0)
[hkql]   get_value syncobj=2 -> 30 (err=0)
[hkql]   get_value syncobj=2 -> 30 (err=0)
[hkql]   get_value syncobj=2 -> 30 (err=0)
[hkql]   get_value syncobj=2 -> 30 (err=0)
[hkql]   get_value syncobj=2 -> 30 (err=0)
[hkql]   get_value syncobj=2 -> 30 (err=0)
[hkql]   get_value syncobj=2 -> 30 (err=0)
[hkql]   get_value syncobj=2 -> 30 (err=0)
[hkql]   get_value syncobj=2 -> 30 (err=0)
[hkql]   get_value syncobj=2 -> 30 (err=0)
[hkql]   get_value syncobj=2 -> 30 (err=0)
[hkql]   get_value syncobj=2 -> 30 (err=0)
[hkql]   get_value syncobj=2 -> 30 (err=0)
[hkql]   get_value syncobj=2 -> 30 (err=0)
[hkql]   get_value syncobj=2 -> 30 (err=0)
[hkql]   get_value syncobj=2 -> 30 (err=0)
[hkql]   get_value syncobj=2 -> 31 (err=0)
[hkql 124784.235]   signal[0] syncobj=2 type=1 value=32 flags=1
[hkql 124784.235] cmdbuf 0xaaaad75468b0: CDM calls=1 cmds=1 flushes=1 merged=0 linked=0 timeline=32 gpu_done=31
[hkql 124784.235] submit ioctl ret=0 took 0.000 s cmdbuf_size=72 in=0 out=2
[hkql]   get_value syncobj=2 -> 31 (err=0)
[hkql]   get_value syncobj=2 -> 31 (err=0)
[hkql]   get_value syncobj=2 -> 32 (err=0)
[hkql]   get_value syncobj=2 -> 32 (err=0)
[hkql 124784.345]   signal[0] syncobj=2 type=1 value=33 flags=1
[hkql 124784.345] cmdbuf 0xaaaad75468b0: CDM calls=29 cmds=43 flushes=43 merged=35 linked=1 timeline=33 gpu_done=32
[hkql 124784.345] submit ioctl ret=0 took 0.000 s cmdbuf_size=72 in=0 out=2
[hkql]   get_value syncobj=2 -> 32 (err=0)
[hkql]   get_value syncobj=2 -> 32 (err=0)
[hkql]   get_value syncobj=2 -> 32 (err=0)
[hkql]   get_value syncobj=2 -> 32 (err=0)
[hkql]   get_value syncobj=2 -> 32 (err=0)
[hkql]   get_value syncobj=2 -> 32 (err=0)
[hkql]   get_value syncobj=2 -> 32 (err=0)
[hkql]   get_value syncobj=2 -> 32 (err=0)
[hkql]   get_value syncobj=2 -> 32 (err=0)
[hkql]   get_value syncobj=2 -> 32 (err=0)
[hkql]   get_value syncobj=2 -> 32 (err=0)
[hkql]   get_value syncobj=2 -> 32 (err=0)
[hkql]   get_value syncobj=2 -> 32 (err=0)
[hkql]   get_value syncobj=2 -> 32 (err=0)
[hkql]   get_value syncobj=2 -> 32 (err=0)
[hkql]   get_value syncobj=2 -> 32 (err=0)
[hkql]   get_value syncobj=2 -> 32 (err=0)
[hkql]   get_value syncobj=2 -> 32 (err=0)
[hkql]   get_value syncobj=2 -> 32 (err=0)
[hkql]   get_value syncobj=2 -> 32 (err=0)
[hkql]   get_value syncobj=2 -> 32 (err=0)
[hkql]   get_value syncobj=2 -> 32 (err=0)
[hkql]   get_value syncobj=2 -> 32 (err=0)
[hkql]   get_value syncobj=2 -> 32 (err=0)
[hkql]   get_value syncobj=2 -> 32 (err=0)
[hkql]   get_value syncobj=2 -> 32 (err=0)
[hkql]   get_value syncobj=2 -> 32 (err=0)
[hkql]   get_value syncobj=2 -> 32 (err=0)
[hkql]   get_value syncobj=2 -> 32 (err=0)
[hkql]   get_value syncobj=2 -> 32 (err=0)
[hkql]   get_value syncobj=2 -> 32 (err=0)
[hkql]   get_value syncobj=2 -> 32 (err=0)
[hkql]   get_value syncobj=2 -> 32 (err=0)
[hkql]   get_value syncobj=2 -> 32 (err=0)
[hkql]   get_value syncobj=2 -> 32 (err=0)
[hkql]   get_value syncobj=2 -> 32 (err=0)
[hkql]   get_value syncobj=2 -> 32 (err=0)
[hkql]   get_value syncobj=2 -> 32 (err=0)
[hkql]   get_value syncobj=2 -> 32 (err=0)
[hkql]   get_value syncobj=2 -> 32 (err=0)
[hkql]   get_value syncobj=2 -> 32 (err=0)
[hkql]   get_value syncobj=2 -> 32 (err=0)
[hkql]   get_value syncobj=2 -> 32 (err=0)
[hkql]   get_value syncobj=2 -> 32 (err=0)
[hkql]   get_value syncobj=2 -> 32 (err=0)
[hkql]   get_value syncobj=2 -> 32 (err=0)
[hkql]   get_value syncobj=2 -> 32 (err=0)
[hkql]   get_value syncobj=2 -> 32 (err=0)
[hkql]   get_value syncobj=2 -> 32 (err=0)
[hkql]   get_value syncobj=2 -> 32 (err=0)
[hkql]   get_value syncobj=2 -> 32 (err=0)
[hkql]   get_value syncobj=2 -> 32 (err=0)
[hkql]   get_value syncobj=2 -> 33 (err=0)
[hkql]   get_value syncobj=2 -> 33 (err=0)
[hkql 124786.948]   signal[0] syncobj=2 type=1 value=34 flags=1
[hkql 124786.948] cmdbuf 0xaaaad75468b0: CDM calls=1 cmds=1 flushes=1 merged=0 linked=0 timeline=34 gpu_done=33
[hkql 124786.948] submit ioctl ret=0 took 0.000 s cmdbuf_size=72 in=0 out=2
[hkql]   get_value syncobj=2 -> 33 (err=0)
[hkql]   get_value syncobj=2 -> 33 (err=0)
[hkql]   get_value syncobj=2 -> 34 (err=0)
[hkql]   get_value syncobj=2 -> 34 (err=0)
[hkql 124787.056]   signal[0] syncobj=2 type=1 value=35 flags=1
[hkql 124787.056] cmdbuf 0xaaaad75468b0: CDM calls=29 cmds=43 flushes=43 merged=35 linked=1 timeline=35 gpu_done=34
[hkql 124787.056] submit ioctl ret=0 took 0.000 s cmdbuf_size=72 in=0 out=2
[hkql]   get_value syncobj=2 -> 34 (err=0)
[hkql]   get_value syncobj=2 -> 34 (err=0)
[hkql]   get_value syncobj=2 -> 34 (err=0)
[hkql]   get_value syncobj=2 -> 34 (err=0)
[hkql]   get_value syncobj=2 -> 34 (err=0)
[hkql]   get_value syncobj=2 -> 34 (err=0)
[hkql]   get_value syncobj=2 -> 34 (err=0)
[hkql]   get_value syncobj=2 -> 34 (err=0)
[hkql]   get_value syncobj=2 -> 34 (err=0)
[hkql]   get_value syncobj=2 -> 34 (err=0)
[hkql]   get_value syncobj=2 -> 34 (err=0)
[hkql]   get_value syncobj=2 -> 34 (err=0)
[hkql]   get_value syncobj=2 -> 34 (err=0)
[hkql]   get_value syncobj=2 -> 34 (err=0)
[hkql]   get_value syncobj=2 -> 34 (err=0)
[hkql]   get_value syncobj=2 -> 34 (err=0)
[hkql]   get_value syncobj=2 -> 34 (err=0)
[hkql]   get_value syncobj=2 -> 34 (err=0)
[hkql]   get_value syncobj=2 -> 34 (err=0)
[hkql]   get_value syncobj=2 -> 34 (err=0)
[hkql]   get_value syncobj=2 -> 34 (err=0)
[hkql]   get_value syncobj=2 -> 34 (err=0)
[hkql]   get_value syncobj=2 -> 34 (err=0)
[hkql]   get_value syncobj=2 -> 34 (err=0)
[hkql]   get_value syncobj=2 -> 34 (err=0)
[hkql]   get_value syncobj=2 -> 34 (err=0)
[hkql]   get_value syncobj=2 -> 34 (err=0)
[hkql]   get_value syncobj=2 -> 34 (err=0)
[hkql]   get_value syncobj=2 -> 34 (err=0)
[hkql]   get_value syncobj=2 -> 34 (err=0)
[hkql]   get_value syncobj=2 -> 34 (err=0)
[hkql]   get_value syncobj=2 -> 34 (err=0)
[hkql]   get_value syncobj=2 -> 34 (err=0)
[hkql]   get_value syncobj=2 -> 34 (err=0)
[hkql]   get_value syncobj=2 -> 34 (err=0)
[hkql]   get_value syncobj=2 -> 34 (err=0)
[hkql]   get_value syncobj=2 -> 34 (err=0)
[hkql]   get_value syncobj=2 -> 34 (err=0)
[hkql]   get_value syncobj=2 -> 34 (err=0)
[hkql]   get_value syncobj=2 -> 34 (err=0)
[hkql]   get_value syncobj=2 -> 34 (err=0)
[hkql]   get_value syncobj=2 -> 34 (err=0)
[hkql]   get_value syncobj=2 -> 34 (err=0)
[hkql]   get_value syncobj=2 -> 34 (err=0)
[hkql]   get_value syncobj=2 -> 34 (err=0)
[hkql]   get_value syncobj=2 -> 34 (err=0)
[hkql]   get_value syncobj=2 -> 34 (err=0)
[hkql]   get_value syncobj=2 -> 34 (err=0)
[hkql]   get_value syncobj=2 -> 34 (err=0)
[hkql]   get_value syncobj=2 -> 34 (err=0)
[hkql]   get_value syncobj=2 -> 34 (err=0)
[hkql]   get_value syncobj=2 -> 34 (err=0)
[hkql]   get_value syncobj=2 -> 35 (err=0)
[hkql 124789.659]   signal[0] syncobj=2 type=1 value=36 flags=1
[hkql 124789.659] cmdbuf 0xaaaad75468b0: CDM calls=1 cmds=1 flushes=1 merged=0 linked=0 timeline=36 gpu_done=35
[hkql 124789.659] submit ioctl ret=0 took 0.000 s cmdbuf_size=72 in=0 out=2
[hkql]   get_value syncobj=2 -> 35 (err=0)
[hkql]   get_value syncobj=2 -> 35 (err=0)
[hkql]   get_value syncobj=2 -> 36 (err=0)
[hkql 124789.769]   signal[0] syncobj=2 type=1 value=37 flags=1
[hkql 124789.769] cmdbuf 0xaaaad75468b0: CDM calls=29 cmds=43 flushes=43 merged=35 linked=1 timeline=37 gpu_done=36
[hkql 124789.769] submit ioctl ret=0 took 0.000 s cmdbuf_size=72 in=0 out=2
[hkql]   get_value syncobj=2 -> 36 (err=0)
[hkql]   get_value syncobj=2 -> 36 (err=0)
[hkql]   get_value syncobj=2 -> 36 (err=0)
[hkql]   get_value syncobj=2 -> 36 (err=0)
[hkql]   get_value syncobj=2 -> 36 (err=0)
[hkql]   get_value syncobj=2 -> 36 (err=0)
[hkql]   get_value syncobj=2 -> 36 (err=0)
[hkql]   get_value syncobj=2 -> 36 (err=0)
[hkql]   get_value syncobj=2 -> 36 (err=0)
[hkql]   get_value syncobj=2 -> 36 (err=0)
[hkql]   get_value syncobj=2 -> 36 (err=0)
[hkql]   get_value syncobj=2 -> 36 (err=0)
[hkql]   get_value syncobj=2 -> 36 (err=0)
[hkql]   get_value syncobj=2 -> 36 (err=0)
[hkql]   get_value syncobj=2 -> 36 (err=0)
[hkql]   get_value syncobj=2 -> 36 (err=0)
[hkql]   get_value syncobj=2 -> 36 (err=0)
[hkql]   get_value syncobj=2 -> 36 (err=0)
[hkql]   get_value syncobj=2 -> 36 (err=0)
[hkql]   get_value syncobj=2 -> 36 (err=0)
[hkql]   get_value syncobj=2 -> 36 (err=0)
[hkql]   get_value syncobj=2 -> 36 (err=0)
[hkql]   get_value syncobj=2 -> 36 (err=0)
[hkql]   get_value syncobj=2 -> 36 (err=0)
[hkql]   get_value syncobj=2 -> 36 (err=0)
[hkql]   get_value syncobj=2 -> 36 (err=0)
[hkql]   get_value syncobj=2 -> 36 (err=0)
[hkql]   get_value syncobj=2 -> 36 (err=0)
[hkql]   get_value syncobj=2 -> 36 (err=0)
[hkql]   get_value syncobj=2 -> 36 (err=0)
[hkql]   get_value syncobj=2 -> 36 (err=0)
[hkql]   get_value syncobj=2 -> 36 (err=0)
[hkql]   get_value syncobj=2 -> 36 (err=0)
[hkql]   get_value syncobj=2 -> 36 (err=0)
[hkql]   get_value syncobj=2 -> 36 (err=0)
[hkql]   get_value syncobj=2 -> 36 (err=0)
[hkql]   get_value syncobj=2 -> 36 (err=0)
[hkql]   get_value syncobj=2 -> 36 (err=0)
[hkql]   get_value syncobj=2 -> 36 (err=0)
[hkql]   get_value syncobj=2 -> 36 (err=0)
[hkql]   get_value syncobj=2 -> 36 (err=0)
[hkql]   get_value syncobj=2 -> 36 (err=0)
[hkql]   get_value syncobj=2 -> 36 (err=0)
[hkql]   get_value syncobj=2 -> 36 (err=0)
[hkql]   get_value syncobj=2 -> 36 (err=0)
[hkql]   get_value syncobj=2 -> 36 (err=0)
[hkql]   get_value syncobj=2 -> 36 (err=0)
[hkql]   get_value syncobj=2 -> 36 (err=0)
[hkql]   get_value syncobj=2 -> 36 (err=0)
[hkql]   get_value syncobj=2 -> 36 (err=0)
[hkql]   get_value syncobj=2 -> 36 (err=0)
[hkql]   get_value syncobj=2 -> 36 (err=0)
[hkql]   get_value syncobj=2 -> 37 (err=0)
[hkql 124792.372]   signal[0] syncobj=2 type=1 value=38 flags=1
[hkql 124792.372] cmdbuf 0xaaaad75468b0: CDM calls=1 cmds=1 flushes=1 merged=0 linked=0 timeline=38 gpu_done=37
[hkql 124792.372] submit ioctl ret=0 took 0.000 s cmdbuf_size=72 in=0 out=2
[hkql]   get_value syncobj=2 -> 37 (err=0)
[hkql]   get_value syncobj=2 -> 37 (err=0)
[hkql]   get_value syncobj=2 -> 38 (err=0)
[hkql]   get_value syncobj=2 -> 38 (err=0)
[hkql 124792.485]   signal[0] syncobj=2 type=1 value=39 flags=1
[hkql 124792.485] cmdbuf 0xaaaad75468b0: CDM calls=29 cmds=43 flushes=43 merged=35 linked=1 timeline=39 gpu_done=38
[hkql 124792.485] submit ioctl ret=0 took 0.000 s cmdbuf_size=72 in=0 out=2
[hkql]   get_value syncobj=2 -> 38 (err=0)
[hkql]   get_value syncobj=2 -> 38 (err=0)
[hkql]   get_value syncobj=2 -> 38 (err=0)
[hkql]   get_value syncobj=2 -> 38 (err=0)
[hkql]   get_value syncobj=2 -> 38 (err=0)
[hkql]   get_value syncobj=2 -> 38 (err=0)
[hkql]   get_value syncobj=2 -> 38 (err=0)
[hkql]   get_value syncobj=2 -> 38 (err=0)
[hkql]   get_value syncobj=2 -> 38 (err=0)
[hkql]   get_value syncobj=2 -> 38 (err=0)
[hkql]   get_value syncobj=2 -> 38 (err=0)
[hkql]   get_value syncobj=2 -> 38 (err=0)
[hkql]   get_value syncobj=2 -> 38 (err=0)
[hkql]   get_value syncobj=2 -> 38 (err=0)
[hkql]   get_value syncobj=2 -> 38 (err=0)
[hkql]   get_value syncobj=2 -> 38 (err=0)
[hkql]   get_value syncobj=2 -> 38 (err=0)
[hkql]   get_value syncobj=2 -> 38 (err=0)
[hkql]   get_value syncobj=2 -> 38 (err=0)
[hkql]   get_value syncobj=2 -> 38 (err=0)
[hkql]   get_value syncobj=2 -> 38 (err=0)
[hkql]   get_value syncobj=2 -> 38 (err=0)
[hkql]   get_value syncobj=2 -> 38 (err=0)
[hkql]   get_value syncobj=2 -> 38 (err=0)
[hkql]   get_value syncobj=2 -> 38 (err=0)
[hkql]   get_value syncobj=2 -> 38 (err=0)
[hkql]   get_value syncobj=2 -> 38 (err=0)
[hkql]   get_value syncobj=2 -> 38 (err=0)
[hkql]   get_value syncobj=2 -> 38 (err=0)
[hkql]   get_value syncobj=2 -> 38 (err=0)
[hkql]   get_value syncobj=2 -> 38 (err=0)
[hkql]   get_value syncobj=2 -> 38 (err=0)
[hkql]   get_value syncobj=2 -> 38 (err=0)
[hkql]   get_value syncobj=2 -> 38 (err=0)
[hkql]   get_value syncobj=2 -> 38 (err=0)
[hkql]   get_value syncobj=2 -> 38 (err=0)
[hkql]   get_value syncobj=2 -> 38 (err=0)
[hkql]   get_value syncobj=2 -> 38 (err=0)
[hkql]   get_value syncobj=2 -> 38 (err=0)
[hkql]   get_value syncobj=2 -> 38 (err=0)
[hkql]   get_value syncobj=2 -> 38 (err=0)
[hkql]   get_value syncobj=2 -> 38 (err=0)
[hkql]   get_value syncobj=2 -> 38 (err=0)
[hkql]   get_value syncobj=2 -> 38 (err=0)
[hkql]   get_value syncobj=2 -> 38 (err=0)
[hkql]   get_value syncobj=2 -> 38 (err=0)
[hkql]   get_value syncobj=2 -> 38 (err=0)
[hkql]   get_value syncobj=2 -> 38 (err=0)
[hkql]   get_value syncobj=2 -> 38 (err=0)
[hkql]   get_value syncobj=2 -> 38 (err=0)
[hkql]   get_value syncobj=2 -> 38 (err=0)
[hkql]   get_value syncobj=2 -> 38 (err=0)
[hkql]   get_value syncobj=2 -> 39 (err=0)
[hkql 124795.088]   signal[0] syncobj=2 type=1 value=40 flags=1
[hkql 124795.088] cmdbuf 0xaaaad75468b0: CDM calls=1 cmds=1 flushes=1 merged=0 linked=0 timeline=40 gpu_done=39
[hkql 124795.088] submit ioctl ret=0 took 0.000 s cmdbuf_size=72 in=0 out=2
[hkql]   get_value syncobj=2 -> 39 (err=0)
[hkql]   get_value syncobj=2 -> 39 (err=0)
[hkql]   get_value syncobj=2 -> 40 (err=0)
[hkql 124795.197]   signal[0] syncobj=2 type=1 value=41 flags=1
[hkql 124795.197] cmdbuf 0xaaaad75468b0: CDM calls=29 cmds=43 flushes=43 merged=35 linked=1 timeline=41 gpu_done=40
[hkql 124795.197] submit ioctl ret=0 took 0.000 s cmdbuf_size=72 in=0 out=2
[hkql]   get_value syncobj=2 -> 40 (err=0)
[hkql]   get_value syncobj=2 -> 40 (err=0)
[hkql]   get_value syncobj=2 -> 40 (err=0)
[hkql]   get_value syncobj=2 -> 40 (err=0)
[hkql]   get_value syncobj=2 -> 40 (err=0)
[hkql]   get_value syncobj=2 -> 40 (err=0)
[hkql]   get_value syncobj=2 -> 40 (err=0)
[hkql]   get_value syncobj=2 -> 40 (err=0)
[hkql]   get_value syncobj=2 -> 40 (err=0)
[hkql]   get_value syncobj=2 -> 40 (err=0)
[hkql]   get_value syncobj=2 -> 40 (err=0)
[hkql]   get_value syncobj=2 -> 40 (err=0)
[hkql]   get_value syncobj=2 -> 40 (err=0)
[hkql]   get_value syncobj=2 -> 40 (err=0)
[hkql]   get_value syncobj=2 -> 40 (err=0)
[hkql]   get_value syncobj=2 -> 40 (err=0)
[hkql]   get_value syncobj=2 -> 40 (err=0)
[hkql]   get_value syncobj=2 -> 40 (err=0)
[hkql]   get_value syncobj=2 -> 40 (err=0)
[hkql]   get_value syncobj=2 -> 40 (err=0)
[hkql]   get_value syncobj=2 -> 40 (err=0)
[hkql]   get_value syncobj=2 -> 40 (err=0)
[hkql]   get_value syncobj=2 -> 40 (err=0)
[hkql]   get_value syncobj=2 -> 40 (err=0)
[hkql]   get_value syncobj=2 -> 40 (err=0)
[hkql]   get_value syncobj=2 -> 40 (err=0)
[hkql]   get_value syncobj=2 -> 40 (err=0)
[hkql]   get_value syncobj=2 -> 40 (err=0)
[hkql]   get_value syncobj=2 -> 40 (err=0)
[hkql]   get_value syncobj=2 -> 40 (err=0)
[hkql]   get_value syncobj=2 -> 40 (err=0)
[hkql]   get_value syncobj=2 -> 40 (err=0)
[hkql]   get_value syncobj=2 -> 40 (err=0)
[hkql]   get_value syncobj=2 -> 40 (err=0)
[hkql]   get_value syncobj=2 -> 40 (err=0)
[hkql]   get_value syncobj=2 -> 40 (err=0)
[hkql]   get_value syncobj=2 -> 40 (err=0)
[hkql]   get_value syncobj=2 -> 40 (err=0)
[hkql]   get_value syncobj=2 -> 40 (err=0)
[hkql]   get_value syncobj=2 -> 40 (err=0)
[hkql]   get_value syncobj=2 -> 40 (err=0)
[hkql]   get_value syncobj=2 -> 40 (err=0)
[hkql]   get_value syncobj=2 -> 40 (err=0)
[hkql]   get_value syncobj=2 -> 40 (err=0)
[hkql]   get_value syncobj=2 -> 40 (err=0)
[hkql]   get_value syncobj=2 -> 40 (err=0)
[hkql]   get_value syncobj=2 -> 40 (err=0)
[hkql]   get_value syncobj=2 -> 40 (err=0)
[hkql]   get_value syncobj=2 -> 40 (err=0)
[hkql]   get_value syncobj=2 -> 40 (err=0)
[hkql]   get_value syncobj=2 -> 40 (err=0)
[hkql]   get_value syncobj=2 -> 40 (err=0)
[hkql]   get_value syncobj=2 -> 41 (err=0)
[hkql 124797.800]   signal[0] syncobj=2 type=1 value=42 flags=1
[hkql 124797.800] cmdbuf 0xaaaad75468b0: CDM calls=1 cmds=1 flushes=1 merged=0 linked=0 timeline=42 gpu_done=41
[hkql 124797.801] submit ioctl ret=0 took 0.000 s cmdbuf_size=72 in=0 out=2
[hkql]   get_value syncobj=2 -> 41 (err=0)
[hkql]   get_value syncobj=2 -> 41 (err=0)
[hkql]   get_value syncobj=2 -> 42 (err=0)
[hkql 124797.910]   signal[0] syncobj=2 type=1 value=43 flags=1
[hkql 124797.910] cmdbuf 0xaaaad75468b0: CDM calls=29 cmds=43 flushes=43 merged=35 linked=1 timeline=43 gpu_done=42
[hkql 124797.910] submit ioctl ret=0 took 0.000 s cmdbuf_size=72 in=0 out=2
[hkql]   get_value syncobj=2 -> 42 (err=0)
[hkql]   get_value syncobj=2 -> 42 (err=0)
[hkql]   get_value syncobj=2 -> 42 (err=0)
[hkql]   get_value syncobj=2 -> 42 (err=0)
[hkql]   get_value syncobj=2 -> 42 (err=0)
[hkql]   get_value syncobj=2 -> 42 (err=0)
[hkql]   get_value syncobj=2 -> 42 (err=0)
[hkql]   get_value syncobj=2 -> 42 (err=0)
[hkql]   get_value syncobj=2 -> 42 (err=0)
[hkql]   get_value syncobj=2 -> 42 (err=0)
[hkql]   get_value syncobj=2 -> 42 (err=0)
[hkql]   get_value syncobj=2 -> 42 (err=0)
[hkql]   get_value syncobj=2 -> 42 (err=0)
[hkql]   get_value syncobj=2 -> 42 (err=0)
[hkql]   get_value syncobj=2 -> 42 (err=0)
[hkql]   get_value syncobj=2 -> 42 (err=0)
[hkql]   get_value syncobj=2 -> 42 (err=0)
[hkql]   get_value syncobj=2 -> 42 (err=0)
[hkql]   get_value syncobj=2 -> 42 (err=0)
[hkql]   get_value syncobj=2 -> 42 (err=0)
[hkql]   get_value syncobj=2 -> 42 (err=0)
[hkql]   get_value syncobj=2 -> 42 (err=0)
[hkql]   get_value syncobj=2 -> 42 (err=0)
[hkql]   get_value syncobj=2 -> 42 (err=0)
[hkql]   get_value syncobj=2 -> 42 (err=0)
[hkql]   get_value syncobj=2 -> 42 (err=0)
[hkql]   get_value syncobj=2 -> 42 (err=0)
[hkql]   get_value syncobj=2 -> 42 (err=0)
[hkql]   get_value syncobj=2 -> 42 (err=0)
[hkql]   get_value syncobj=2 -> 42 (err=0)
[hkql]   get_value syncobj=2 -> 42 (err=0)
[hkql]   get_value syncobj=2 -> 42 (err=0)
[hkql]   get_value syncobj=2 -> 42 (err=0)
[hkql]   get_value syncobj=2 -> 42 (err=0)
[hkql]   get_value syncobj=2 -> 42 (err=0)
[hkql]   get_value syncobj=2 -> 42 (err=0)
[hkql]   get_value syncobj=2 -> 42 (err=0)
[hkql]   get_value syncobj=2 -> 42 (err=0)
[hkql]   get_value syncobj=2 -> 42 (err=0)
[hkql]   get_value syncobj=2 -> 42 (err=0)
[hkql]   get_value syncobj=2 -> 42 (err=0)
[hkql]   get_value syncobj=2 -> 42 (err=0)
[hkql]   get_value syncobj=2 -> 42 (err=0)
[hkql]   get_value syncobj=2 -> 42 (err=0)
[hkql]   get_value syncobj=2 -> 42 (err=0)
[hkql]   get_value syncobj=2 -> 42 (err=0)
[hkql]   get_value syncobj=2 -> 42 (err=0)
[hkql]   get_value syncobj=2 -> 42 (err=0)
[hkql]   get_value syncobj=2 -> 42 (err=0)
[hkql]   get_value syncobj=2 -> 42 (err=0)
[hkql]   get_value syncobj=2 -> 42 (err=0)
[hkql]   get_value syncobj=2 -> 42 (err=0)
[hkql]   get_value syncobj=2 -> 43 (err=0)
[hkql 124800.513]   signal[0] syncobj=2 type=1 value=44 flags=1
[hkql 124800.513] cmdbuf 0xaaaad75468b0: CDM calls=1 cmds=1 flushes=1 merged=0 linked=0 timeline=44 gpu_done=43
[hkql 124800.513] submit ioctl ret=0 took 0.000 s cmdbuf_size=72 in=0 out=2
[hkql]   get_value syncobj=2 -> 43 (err=0)
[hkql]   get_value syncobj=2 -> 43 (err=0)
[hkql]   get_value syncobj=2 -> 44 (err=0)
[hkql]   get_value syncobj=2 -> 44 (err=0)
[hkql 124800.622]   signal[0] syncobj=2 type=1 value=45 flags=1
[hkql 124800.623] cmdbuf 0xaaaad75468b0: CDM calls=29 cmds=43 flushes=43 merged=35 linked=1 timeline=45 gpu_done=44
[hkql 124800.623] submit ioctl ret=0 took 0.000 s cmdbuf_size=72 in=0 out=2
[hkql]   get_value syncobj=2 -> 44 (err=0)
[hkql]   get_value syncobj=2 -> 44 (err=0)
[hkql]   get_value syncobj=2 -> 44 (err=0)
[hkql]   get_value syncobj=2 -> 44 (err=0)
[hkql]   get_value syncobj=2 -> 44 (err=0)
[hkql]   get_value syncobj=2 -> 44 (err=0)
[hkql]   get_value syncobj=2 -> 44 (err=0)
[hkql]   get_value syncobj=2 -> 44 (err=0)
[hkql]   get_value syncobj=2 -> 44 (err=0)
[hkql]   get_value syncobj=2 -> 44 (err=0)
[hkql]   get_value syncobj=2 -> 44 (err=0)
[hkql]   get_value syncobj=2 -> 44 (err=0)
[hkql]   get_value syncobj=2 -> 44 (err=0)
[hkql]   get_value syncobj=2 -> 44 (err=0)
[hkql]   get_value syncobj=2 -> 44 (err=0)
[hkql]   get_value syncobj=2 -> 44 (err=0)
[hkql]   get_value syncobj=2 -> 44 (err=0)
[hkql]   get_value syncobj=2 -> 44 (err=0)
[hkql]   get_value syncobj=2 -> 44 (err=0)
[hkql]   get_value syncobj=2 -> 44 (err=0)
[hkql]   get_value syncobj=2 -> 44 (err=0)
[hkql]   get_value syncobj=2 -> 44 (err=0)
[hkql]   get_value syncobj=2 -> 44 (err=0)
[hkql]   get_value syncobj=2 -> 44 (err=0)
[hkql]   get_value syncobj=2 -> 44 (err=0)
[hkql]   get_value syncobj=2 -> 44 (err=0)
[hkql]   get_value syncobj=2 -> 44 (err=0)
[hkql]   get_value syncobj=2 -> 44 (err=0)
[hkql]   get_value syncobj=2 -> 44 (err=0)
[hkql]   get_value syncobj=2 -> 44 (err=0)
[hkql]   get_value syncobj=2 -> 44 (err=0)
[hkql]   get_value syncobj=2 -> 44 (err=0)
[hkql]   get_value syncobj=2 -> 44 (err=0)
[hkql]   get_value syncobj=2 -> 44 (err=0)
[hkql]   get_value syncobj=2 -> 44 (err=0)
[hkql]   get_value syncobj=2 -> 44 (err=0)
[hkql]   get_value syncobj=2 -> 44 (err=0)
[hkql]   get_value syncobj=2 -> 44 (err=0)
[hkql]   get_value syncobj=2 -> 44 (err=0)
[hkql]   get_value syncobj=2 -> 44 (err=0)
[hkql]   get_value syncobj=2 -> 44 (err=0)
[hkql]   get_value syncobj=2 -> 44 (err=0)
[hkql]   get_value syncobj=2 -> 44 (err=0)
[hkql]   get_value syncobj=2 -> 44 (err=0)
[hkql]   get_value syncobj=2 -> 44 (err=0)
[hkql]   get_value syncobj=2 -> 44 (err=0)
[hkql]   get_value syncobj=2 -> 44 (err=0)
[hkql]   get_value syncobj=2 -> 44 (err=0)
[hkql]   get_value syncobj=2 -> 44 (err=0)
[hkql]   get_value syncobj=2 -> 44 (err=0)
[hkql]   get_value syncobj=2 -> 44 (err=0)
[hkql]   get_value syncobj=2 -> 44 (err=0)
[hkql]   get_value syncobj=2 -> 45 (err=0)
[hkql 124803.226]   signal[0] syncobj=2 type=1 value=46 flags=1
[hkql 124803.226] cmdbuf 0xaaaad75468b0: CDM calls=1 cmds=1 flushes=1 merged=0 linked=0 timeline=46 gpu_done=45
[hkql 124803.226] submit ioctl ret=0 took 0.000 s cmdbuf_size=72 in=0 out=2
[hkql]   get_value syncobj=2 -> 45 (err=0)
[hkql]   get_value syncobj=2 -> 45 (err=0)
[hkql]   get_value syncobj=2 -> 46 (err=0)
[hkql]   get_value syncobj=2 -> 46 (err=0)
[hkql 124803.335]   signal[0] syncobj=2 type=1 value=47 flags=1
[hkql 124803.335] cmdbuf 0xaaaad75468b0: CDM calls=29 cmds=43 flushes=43 merged=35 linked=1 timeline=47 gpu_done=46
[hkql 124803.335] submit ioctl ret=0 took 0.000 s cmdbuf_size=72 in=0 out=2
[hkql]   get_value syncobj=2 -> 46 (err=0)
[hkql]   get_value syncobj=2 -> 46 (err=0)
[hkql]   get_value syncobj=2 -> 46 (err=0)
[hkql]   get_value syncobj=2 -> 46 (err=0)
[hkql]   get_value syncobj=2 -> 46 (err=0)
[hkql]   get_value syncobj=2 -> 46 (err=0)
[hkql]   get_value syncobj=2 -> 46 (err=0)
[hkql]   get_value syncobj=2 -> 46 (err=0)
[hkql]   get_value syncobj=2 -> 46 (err=0)
[hkql]   get_value syncobj=2 -> 46 (err=0)
[hkql]   get_value syncobj=2 -> 46 (err=0)
[hkql]   get_value syncobj=2 -> 46 (err=0)
[hkql]   get_value syncobj=2 -> 46 (err=0)
[hkql]   get_value syncobj=2 -> 46 (err=0)
[hkql]   get_value syncobj=2 -> 46 (err=0)
[hkql]   get_value syncobj=2 -> 46 (err=0)
[hkql]   get_value syncobj=2 -> 46 (err=0)
[hkql]   get_value syncobj=2 -> 46 (err=0)
[hkql]   get_value syncobj=2 -> 46 (err=0)
[hkql]   get_value syncobj=2 -> 46 (err=0)
[hkql]   get_value syncobj=2 -> 46 (err=0)
[hkql]   get_value syncobj=2 -> 46 (err=0)
[hkql]   get_value syncobj=2 -> 46 (err=0)
[hkql]   get_value syncobj=2 -> 46 (err=0)
[hkql]   get_value syncobj=2 -> 46 (err=0)
[hkql]   get_value syncobj=2 -> 46 (err=0)
[hkql]   get_value syncobj=2 -> 46 (err=0)
[hkql]   get_value syncobj=2 -> 46 (err=0)
[hkql]   get_value syncobj=2 -> 46 (err=0)
[hkql]   get_value syncobj=2 -> 46 (err=0)
[hkql]   get_value syncobj=2 -> 46 (err=0)
[hkql]   get_value syncobj=2 -> 46 (err=0)
[hkql]   get_value syncobj=2 -> 46 (err=0)
[hkql]   get_value syncobj=2 -> 46 (err=0)
[hkql]   get_value syncobj=2 -> 46 (err=0)
[hkql]   get_value syncobj=2 -> 46 (err=0)
[hkql]   get_value syncobj=2 -> 46 (err=0)
[hkql]   get_value syncobj=2 -> 46 (err=0)
[hkql]   get_value syncobj=2 -> 46 (err=0)
[hkql]   get_value syncobj=2 -> 46 (err=0)
[hkql]   get_value syncobj=2 -> 46 (err=0)
[hkql]   get_value syncobj=2 -> 46 (err=0)
[hkql]   get_value syncobj=2 -> 46 (err=0)
[hkql]   get_value syncobj=2 -> 46 (err=0)
[hkql]   get_value syncobj=2 -> 46 (err=0)
[hkql]   get_value syncobj=2 -> 46 (err=0)
[hkql]   get_value syncobj=2 -> 46 (err=0)
[hkql]   get_value syncobj=2 -> 46 (err=0)
[hkql]   get_value syncobj=2 -> 46 (err=0)
[hkql]   get_value syncobj=2 -> 46 (err=0)
[hkql]   get_value syncobj=2 -> 46 (err=0)
[hkql]   get_value syncobj=2 -> 46 (err=0)
[hkql]   get_value syncobj=2 -> 47 (err=0)
[hkql 124805.938]   signal[0] syncobj=2 type=1 value=48 flags=1
[hkql 124805.938] cmdbuf 0xaaaad75468b0: CDM calls=1 cmds=1 flushes=1 merged=0 linked=0 timeline=48 gpu_done=47
[hkql 124805.939] submit ioctl ret=0 took 0.000 s cmdbuf_size=72 in=0 out=2
[hkql]   get_value syncobj=2 -> 47 (err=0)
[hkql]   get_value syncobj=2 -> 47 (err=0)
[hkql]   get_value syncobj=2 -> 48 (err=0)
[hkql]   syncobj_create -> 3 timeline=1 initial=0 err=0
[hkql 124806.145]   signal[0] syncobj=3 type=1 value=1 flags=1
[hkql 124806.145]   signal[1] syncobj=2 type=1 value=49 flags=1
[hkql 124806.145] cmdbuf 0xaaaad75468b0: CDM calls=24 cmds=34 flushes=34 merged=28 linked=1 timeline=49 gpu_done=48
[hkql 124806.146] submit ioctl ret=0 took 0.000 s cmdbuf_size=72 in=0 out=3
[hkql]   get_value syncobj=3 -> 0 (err=0)
[hkql]   get_value syncobj=3 -> 0 (err=0)
[hkql]   get_value syncobj=2 -> 48 (err=0)
[hkql]   get_value syncobj=3 -> 0 (err=0)
[hkql]   get_value syncobj=2 -> 48 (err=0)
[hkql]   get_value syncobj=3 -> 0 (err=0)
[hkql]   get_value syncobj=2 -> 48 (err=0)
[hkql]   get_value syncobj=3 -> 0 (err=0)
[hkql]   get_value syncobj=2 -> 48 (err=0)
[hkql]   get_value syncobj=3 -> 0 (err=0)
[hkql]   get_value syncobj=2 -> 48 (err=0)
[hkql]   get_value syncobj=3 -> 0 (err=0)
[hkql]   get_value syncobj=2 -> 48 (err=0)
[hkql]   get_value syncobj=2 -> 48 (err=0)
[hkql]   get_value syncobj=3 -> 0 (err=0)
[hkql]   get_value syncobj=2 -> 48 (err=0)
[hkql]   get_value syncobj=3 -> 0 (err=0)
[hkql]   get_value syncobj=2 -> 48 (err=0)
[hkql]   get_value syncobj=3 -> 0 (err=0)
[hkql]   get_value syncobj=2 -> 48 (err=0)
[hkql]   get_value syncobj=3 -> 0 (err=0)
[hkql]   get_value syncobj=2 -> 48 (err=0)
[hkql]   get_value syncobj=3 -> 0 (err=0)
[hkql]   get_value syncobj=2 -> 48 (err=0)
[hkql]   get_value syncobj=3 -> 0 (err=0)
[hkql]   get_value syncobj=2 -> 48 (err=0)
[hkql]   get_value syncobj=3 -> 0 (err=0)
[hkql]   get_value syncobj=2 -> 48 (err=0)
[hkql]   get_value syncobj=3 -> 0 (err=0)
[hkql]   get_value syncobj=2 -> 48 (err=0)
[hkql]   get_value syncobj=3 -> 0 (err=0)
[hkql]   get_value syncobj=2 -> 48 (err=0)
[hkql]   get_value syncobj=3 -> 0 (err=0)
[hkql]   get_value syncobj=2 -> 48 (err=0)
[hkql]   get_value syncobj=3 -> 0 (err=0)
[hkql]   get_value syncobj=2 -> 48 (err=0)
[hkql]   get_value syncobj=3 -> 0 (err=0)
[hkql]   get_value syncobj=2 -> 48 (err=0)
[hkql]   get_value syncobj=3 -> 0 (err=0)
[hkql]   get_value syncobj=2 -> 48 (err=0)
[hkql]   get_value syncobj=3 -> 0 (err=0)
[hkql]   get_value syncobj=2 -> 48 (err=0)
[hkql]   get_value syncobj=3 -> 0 (err=0)
[hkql]   get_value syncobj=2 -> 48 (err=0)
[hkql]   get_value syncobj=3 -> 0 (err=0)
[hkql]   get_value syncobj=2 -> 48 (err=0)
[hkql]   get_value syncobj=3 -> 0 (err=0)
[hkql]   get_value syncobj=2 -> 48 (err=0)
[hkql]   get_value syncobj=3 -> 0 (err=0)
[hkql]   get_value syncobj=2 -> 48 (err=0)
[hkql]   get_value syncobj=3 -> 0 (err=0)
[hkql]   get_value syncobj=2 -> 48 (err=0)
[hkql]   get_value syncobj=3 -> 0 (err=0)
[hkql]   get_value syncobj=2 -> 48 (err=0)
[hkql]   get_value syncobj=3 -> 0 (err=0)
[hkql]   get_value syncobj=2 -> 48 (err=0)
[hkql]   get_value syncobj=3 -> 0 (err=0)
[hkql]   get_value syncobj=2 -> 48 (err=0)
[hkql]   get_value syncobj=3 -> 0 (err=0)
[hkql]   get_value syncobj=3 -> 0 (err=0)
[hkql]   get_value syncobj=2 -> 48 (err=0)
[hkql]   get_value syncobj=3 -> 0 (err=0)
[hkql]   get_value syncobj=2 -> 48 (err=0)
[hkql]   get_value syncobj=3 -> 0 (err=0)
[hkql]   get_value syncobj=2 -> 48 (err=0)
[hkql]   get_value syncobj=3 -> 0 (err=0)
[hkql]   get_value syncobj=2 -> 48 (err=0)
[hkql]   get_value syncobj=3 -> 0 (err=0)
[hkql]   get_value syncobj=2 -> 48 (err=0)
[hkql]   get_value syncobj=3 -> 0 (err=0)
[hkql]   get_value syncobj=2 -> 48 (err=0)
[hkql]   get_value syncobj=3 -> 0 (err=0)
[hkql]   get_value syncobj=2 -> 48 (err=0)
[hkql]   get_value syncobj=3 -> 0 (err=0)
[hkql]   get_value syncobj=2 -> 48 (err=0)
[hkql]   get_value syncobj=3 -> 0 (err=0)
[hkql]   get_value syncobj=2 -> 48 (err=0)
[hkql]   get_value syncobj=3 -> 0 (err=0)
[hkql]   get_value syncobj=2 -> 48 (err=0)
[hkql]   get_value syncobj=3 -> 0 (err=0)
[hkql]   get_value syncobj=2 -> 48 (err=0)
[hkql]   get_value syncobj=3 -> 0 (err=0)
[hkql]   get_value syncobj=2 -> 48 (err=0)
[hkql]   get_value syncobj=3 -> 0 (err=0)
[hkql]   get_value syncobj=2 -> 48 (err=0)
[hkql]   get_value syncobj=3 -> 0 (err=0)
[hkql]   get_value syncobj=2 -> 48 (err=0)
[hkql]   get_value syncobj=3 -> 0 (err=0)
[hkql]   get_value syncobj=2 -> 48 (err=0)
[hkql]   get_value syncobj=3 -> 0 (err=0)
[hkql]   get_value syncobj=2 -> 48 (err=0)
[hkql]   get_value syncobj=3 -> 0 (err=0)
[hkql]   get_value syncobj=2 -> 48 (err=0)
[hkql]   get_value syncobj=3 -> 0 (err=0)
[hkql]   get_value syncobj=2 -> 48 (err=0)
[hkql]   get_value syncobj=3 -> 0 (err=0)
[hkql]   get_value syncobj=2 -> 48 (err=0)
[hkql]   get_value syncobj=3 -> 0 (err=0)
[hkql]   get_value syncobj=2 -> 48 (err=0)
[hkql]   get_value syncobj=3 -> 0 (err=0)
[hkql]   get_value syncobj=2 -> 48 (err=0)
[hkql]   get_value syncobj=3 -> 0 (err=0)
[hkql]   get_value syncobj=2 -> 48 (err=0)
[hkql]   get_value syncobj=3 -> 0 (err=0)
[hkql]   get_value syncobj=2 -> 48 (err=0)
[hkql]   get_value syncobj=3 -> 0 (err=0)
[hkql]   get_value syncobj=2 -> 48 (err=0)
[hkql]   get_value syncobj=3 -> 0 (err=0)
[hkql]   get_value syncobj=2 -> 48 (err=0)
[hkql]   get_value syncobj=3 -> 0 (err=0)
[hkql]   get_value syncobj=2 -> 48 (err=0)
[hkql]   get_value syncobj=3 -> 0 (err=0)
[hkql]   get_value syncobj=2 -> 48 (err=0)
[hkql]   get_value syncobj=3 -> 0 (err=0)
[hkql]   get_value syncobj=2 -> 48 (err=0)
[hkql]   get_value syncobj=3 -> 0 (err=0)
[hkql]   get_value syncobj=2 -> 48 (err=0)
[hkql]   get_value syncobj=3 -> 0 (err=0)
[hkql]   get_value syncobj=2 -> 48 (err=0)
[hkql]   get_value syncobj=3 -> 0 (err=0)
[hkql]   get_value syncobj=2 -> 48 (err=0)
[hkql]   get_value syncobj=3 -> 0 (err=0)
[hkql]   get_value syncobj=2 -> 48 (err=0)
[hkql]   get_value syncobj=3 -> 0 (err=0)
[hkql]   get_value syncobj=2 -> 48 (err=0)
[hkql]   get_value syncobj=3 -> 0 (err=0)
[hkql]   get_value syncobj=2 -> 48 (err=0)
[hkql]   get_value syncobj=3 -> 0 (err=0)
[hkql]   get_value syncobj=2 -> 48 (err=0)
[hkql]   get_value syncobj=3 -> 0 (err=0)
[hkql]   get_value syncobj=2 -> 48 (err=0)
[hkql]   get_value syncobj=3 -> 0 (err=0)
[hkql]   get_value syncobj=2 -> 48 (err=0)
[hkql]   get_value syncobj=3 -> 0 (err=0)
[hkql]   get_value syncobj=2 -> 48 (err=0)
[hkql]   get_value syncobj=3 -> 0 (err=0)
[hkql]   get_value syncobj=2 -> 48 (err=0)
[hkql]   get_value syncobj=3 -> 0 (err=0)
[hkql]   get_value syncobj=2 -> 48 (err=0)
[hkql]   get_value syncobj=3 -> 0 (err=0)
[hkql]   get_value syncobj=2 -> 48 (err=0)
[hkql]   get_value syncobj=3 -> 0 (err=0)
[hkql]   get_value syncobj=2 -> 48 (err=0)
[hkql]   get_value syncobj=3 -> 0 (err=0)
[hkql]   get_value syncobj=2 -> 48 (err=0)
[hkql]   get_value syncobj=3 -> 0 (err=0)
[hkql]   get_value syncobj=2 -> 48 (err=0)
[hkql]   get_value syncobj=3 -> 0 (err=0)
[hkql]   get_value syncobj=2 -> 48 (err=0)
[hkql]   get_value syncobj=3 -> 0 (err=0)
[hkql]   get_value syncobj=2 -> 48 (err=0)
[hkql]   get_value syncobj=3 -> 0 (err=0)
[hkql]   get_value syncobj=2 -> 48 (err=0)
[hkql]   get_value syncobj=3 -> 0 (err=0)
[hkql]   get_value syncobj=2 -> 48 (err=0)
[hkql]   get_value syncobj=3 -> 0 (err=0)
[hkql]   get_value syncobj=2 -> 48 (err=0)
[hkql]   get_value syncobj=3 -> 0 (err=0)
[hkql]   get_value syncobj=2 -> 48 (err=0)
[hkql]   get_value syncobj=3 -> 0 (err=0)
[hkql]   get_value syncobj=2 -> 48 (err=0)
[hkql]   get_value syncobj=3 -> 0 (err=0)
[hkql]   get_value syncobj=2 -> 48 (err=0)
[hkql]   get_value syncobj=3 -> 0 (err=0)
[hkql]   get_value syncobj=2 -> 48 (err=0)
[hkql]   get_value syncobj=3 -> 0 (err=0)
[hkql]   get_value syncobj=2 -> 48 (err=0)
[hkql]   get_value syncobj=3 -> 0 (err=0)
[hkql]   get_value syncobj=2 -> 48 (err=0)
[hkql]   get_value syncobj=3 -> 0 (err=0)
[hkql]   get_value syncobj=2 -> 48 (err=0)
[hkql]   get_value syncobj=3 -> 0 (err=0)
[hkql]   get_value syncobj=2 -> 48 (err=0)
[hkql]   get_value syncobj=3 -> 0 (err=0)
[hkql]   get_value syncobj=2 -> 48 (err=0)
[hkql]   get_value syncobj=3 -> 0 (err=0)
[hkql]   get_value syncobj=2 -> 48 (err=0)
[hkql]   get_value syncobj=3 -> 0 (err=0)
[hkql]   get_value syncobj=2 -> 48 (err=0)
[hkql]   get_value syncobj=3 -> 0 (err=0)
[hkql]   get_value syncobj=2 -> 48 (err=0)
[hkql]   get_value syncobj=3 -> 0 (err=0)
[hkql]   get_value syncobj=2 -> 48 (err=0)
[hkql]   get_value syncobj=3 -> 0 (err=0)
[hkql]   get_value syncobj=2 -> 48 (err=0)
[hkql]   get_value syncobj=3 -> 0 (err=0)
[hkql]   get_value syncobj=2 -> 48 (err=0)
[hkql]   get_value syncobj=3 -> 0 (err=0)
[hkql]   get_value syncobj=2 -> 48 (err=0)
[hkql]   get_value syncobj=3 -> 0 (err=0)
[hkql]   get_value syncobj=2 -> 48 (err=0)
[hkql]   get_value syncobj=3 -> 0 (err=0)
[hkql]   get_value syncobj=2 -> 48 (err=0)
[hkql]   get_value syncobj=3 -> 0 (err=0)
[hkql]   get_value syncobj=2 -> 48 (err=0)
[hkql]   get_value syncobj=3 -> 0 (err=0)
[hkql]   get_value syncobj=2 -> 48 (err=0)
[hkql]   get_value syncobj=3 -> 0 (err=0)
[hkql]   get_value syncobj=2 -> 48 (err=0)
[hkql]   get_value syncobj=3 -> 0 (err=0)
[hkql]   get_value syncobj=2 -> 48 (err=0)
[hkql]   get_value syncobj=3 -> 0 (err=0)
[hkql]   get_value syncobj=2 -> 48 (err=0)
[hkql]   get_value syncobj=3 -> 0 (err=0)
[hkql]   get_value syncobj=2 -> 48 (err=0)
[hkql]   get_value syncobj=3 -> 0 (err=0)
[hkql]   get_value syncobj=2 -> 48 (err=0)
[hkql]   get_value syncobj=3 -> 0 (err=0)
[hkql]   get_value syncobj=2 -> 48 (err=0)
[hkql]   get_value syncobj=3 -> 0 (err=0)
[hkql]   get_value syncobj=2 -> 48 (err=0)
[hkql]   get_value syncobj=3 -> 0 (err=0)
[hkql]   get_value syncobj=2 -> 48 (err=0)
[hkql]   get_value syncobj=3 -> 0 (err=0)
[hkql]   get_value syncobj=2 -> 48 (err=0)
[hkql]   get_value syncobj=3 -> 0 (err=0)
[hkql]   get_value syncobj=2 -> 48 (err=0)
[hkql]   get_value syncobj=3 -> 0 (err=0)
[hkql]   get_value syncobj=2 -> 48 (err=0)
[hkql]   get_value syncobj=3 -> 0 (err=0)
[hkql]   get_value syncobj=2 -> 48 (err=0)
[hkql]   get_value syncobj=3 -> 0 (err=0)
[hkql]   get_value syncobj=2 -> 48 (err=0)
[hkql]   get_value syncobj=3 -> 0 (err=0)
[hkql]   get_value syncobj=2 -> 48 (err=0)
[hkql]   get_value syncobj=3 -> 0 (err=0)
[hkql]   get_value syncobj=2 -> 48 (err=0)
[hkql]   get_value syncobj=3 -> 0 (err=0)
[hkql]   get_value syncobj=2 -> 48 (err=0)
[hkql]   get_value syncobj=3 -> 0 (err=0)
[hkql]   get_value syncobj=2 -> 48 (err=0)
[hkql]   get_value syncobj=3 -> 0 (err=0)
[hkql]   get_value syncobj=2 -> 48 (err=0)
[hkql]   get_value syncobj=3 -> 0 (err=0)
[hkql]   get_value syncobj=2 -> 48 (err=0)
[hkql]   get_value syncobj=3 -> 0 (err=0)
[hkql]   get_value syncobj=2 -> 48 (err=0)
[hkql]   get_value syncobj=3 -> 0 (err=0)
[hkql]   get_value syncobj=2 -> 48 (err=0)
[hkql]   get_value syncobj=3 -> 0 (err=0)
[hkql]   get_value syncobj=2 -> 48 (err=0)
[hkql]   get_value syncobj=3 -> 0 (err=0)
[hkql]   get_value syncobj=2 -> 48 (err=0)
[hkql]   get_value syncobj=3 -> 0 (err=0)
[hkql]   get_value syncobj=2 -> 48 (err=0)
[hkql]   get_value syncobj=3 -> 0 (err=0)
[hkql]   get_value syncobj=2 -> 48 (err=0)
[hkql]   get_value syncobj=3 -> 0 (err=0)
[hkql]   get_value syncobj=2 -> 48 (err=0)
[hkql]   get_value syncobj=3 -> 0 (err=0)
[hkql]   get_value syncobj=2 -> 48 (err=0)
[hkql]   get_value syncobj=3 -> 0 (err=0)
[hkql]   get_value syncobj=2 -> 48 (err=0)
[hkql]   get_value syncobj=3 -> 0 (err=0)
[hkql]   get_value syncobj=2 -> 48 (err=0)
[hkql]   get_value syncobj=3 -> 0 (err=0)
[hkql]   get_value syncobj=2 -> 48 (err=0)
[hkql]   get_value syncobj=3 -> 0 (err=0)
[hkql]   get_value syncobj=2 -> 48 (err=0)
[hkql]   get_value syncobj=3 -> 0 (err=0)
[hkql]   get_value syncobj=2 -> 48 (err=0)
[hkql]   get_value syncobj=3 -> 0 (err=0)
[hkql]   get_value syncobj=2 -> 48 (err=0)
[hkql]   get_value syncobj=3 -> 0 (err=0)
[hkql]   get_value syncobj=2 -> 48 (err=0)
[hkql]   get_value syncobj=3 -> 0 (err=0)
[hkql]   get_value syncobj=2 -> 48 (err=0)
[hkql]   get_value syncobj=3 -> 0 (err=0)
[hkql]   get_value syncobj=2 -> 48 (err=0)
[hkql]   get_value syncobj=3 -> 0 (err=0)
[hkql]   get_value syncobj=2 -> 48 (err=0)
[hkql]   get_value syncobj=3 -> 0 (err=0)
[hkql]   get_value syncobj=2 -> 48 (err=0)
[hkql]   get_value syncobj=3 -> 0 (err=0)
[hkql]   get_value syncobj=2 -> 48 (err=0)
[hkql]   get_value syncobj=3 -> 0 (err=0)
[hkql]   get_value syncobj=2 -> 48 (err=0)
[hkql]   get_value syncobj=3 -> 0 (err=0)
[hkql]   get_value syncobj=2 -> 48 (err=0)
[hkql]   get_value syncobj=3 -> 0 (err=0)
[hkql]   get_value syncobj=2 -> 48 (err=0)
[hkql]   get_value syncobj=3 -> 0 (err=0)
[hkql]   get_value syncobj=2 -> 48 (err=0)
[hkql]   get_value syncobj=3 -> 0 (err=0)
[hkql]   get_value syncobj=2 -> 48 (err=0)
[hkql]   get_value syncobj=3 -> 0 (err=0)
[hkql]   get_value syncobj=2 -> 48 (err=0)
[hkql]   get_value syncobj=3 -> 0 (err=0)
[hkql]   get_value syncobj=2 -> 48 (err=0)
[hkql]   get_value syncobj=3 -> 0 (err=0)
[hkql]   get_value syncobj=2 -> 48 (err=0)
[hkql]   get_value syncobj=3 -> 0 (err=0)
[hkql]   get_value syncobj=2 -> 48 (err=0)
[hkql]   get_value syncobj=3 -> 0 (err=0)
[hkql]   get_value syncobj=2 -> 48 (err=0)
[hkql]   get_value syncobj=3 -> 0 (err=0)
[hkql]   get_value syncobj=2 -> 48 (err=0)
[hkql]   get_value syncobj=3 -> 0 (err=0)
[hkql]   get_value syncobj=2 -> 48 (err=0)
[hkql]   get_value syncobj=3 -> 0 (err=0)
[hkql]   get_value syncobj=2 -> 48 (err=0)
[hkql]   get_value syncobj=3 -> 0 (err=0)
[hkql]   get_value syncobj=2 -> 48 (err=0)
[hkql]   get_value syncobj=3 -> 0 (err=0)
[hkql]   get_value syncobj=2 -> 48 (err=0)
[hkql]   get_value syncobj=3 -> 0 (err=0)
[hkql]   get_value syncobj=2 -> 48 (err=0)
[hkql]   get_value syncobj=3 -> 0 (err=0)
[hkql]   get_value syncobj=2 -> 48 (err=0)
[hkql]   get_value syncobj=3 -> 0 (err=0)
[hkql]   get_value syncobj=2 -> 48 (err=0)
[hkql]   get_value syncobj=3 -> 0 (err=0)
[hkql]   get_value syncobj=2 -> 48 (err=0)
[hkql]   get_value syncobj=3 -> 0 (err=0)
[hkql]   get_value syncobj=2 -> 48 (err=0)
[hkql]   get_value syncobj=3 -> 0 (err=0)
[hkql]   get_value syncobj=2 -> 48 (err=0)
[hkql]   get_value syncobj=3 -> 0 (err=0)
[hkql]   get_value syncobj=2 -> 48 (err=0)
[hkql]   get_value syncobj=3 -> 0 (err=0)
[hkql]   get_value syncobj=2 -> 48 (err=0)
[hkql]   get_value syncobj=3 -> 0 (err=0)
[hkql]   get_value syncobj=2 -> 48 (err=0)
[hkql]   get_value syncobj=3 -> 0 (err=0)
[hkql]   get_value syncobj=2 -> 48 (err=0)
[hkql]   get_value syncobj=3 -> 0 (err=0)
[hkql]   get_value syncobj=2 -> 48 (err=0)
[hkql]   get_value syncobj=3 -> 0 (err=0)
[hkql]   get_value syncobj=2 -> 48 (err=0)
[hkql]   get_value syncobj=3 -> 0 (err=0)
[hkql]   get_value syncobj=2 -> 48 (err=0)
[hkql]   get_value syncobj=3 -> 0 (err=0)
[hkql]   get_value syncobj=2 -> 48 (err=0)
[hkql]   get_value syncobj=3 -> 0 (err=0)
[hkql]   get_value syncobj=2 -> 48 (err=0)
[hkql]   get_value syncobj=3 -> 0 (err=0)
[hkql]   get_value syncobj=2 -> 48 (err=0)
[hkql]   get_value syncobj=3 -> 0 (err=0)
[hkql]   get_value syncobj=2 -> 48 (err=0)
[hkql]   get_value syncobj=3 -> 0 (err=0)
[hkql]   get_value syncobj=2 -> 48 (err=0)
[hkql]   get_value syncobj=3 -> 0 (err=0)
[hkql]   get_value syncobj=2 -> 48 (err=0)
[hkql]   get_value syncobj=3 -> 0 (err=0)
[hkql]   get_value syncobj=2 -> 48 (err=0)
[hkql]   get_value syncobj=3 -> 0 (err=0)
[hkql]   get_value syncobj=2 -> 48 (err=0)
[hkql]   get_value syncobj=3 -> 0 (err=0)
[hkql]   get_value syncobj=2 -> 48 (err=0)
[hkql]   get_value syncobj=3 -> 0 (err=0)
[hkql]   get_value syncobj=2 -> 48 (err=0)
[hkql]   get_value syncobj=3 -> 0 (err=0)
[hkql]   get_value syncobj=2 -> 48 (err=0)
[hkql]   get_value syncobj=3 -> 0 (err=0)
[hkql]   get_value syncobj=2 -> 48 (err=0)
[hkql]   get_value syncobj=3 -> 0 (err=0)
[hkql]   get_value syncobj=2 -> 48 (err=0)
[hkql]   get_value syncobj=3 -> 0 (err=0)
[hkql]   get_value syncobj=2 -> 48 (err=0)
[hkql]   get_value syncobj=3 -> 0 (err=0)
[hkql]   get_value syncobj=2 -> 48 (err=0)
[hkql]   get_value syncobj=3 -> 0 (err=0)
[hkql]   get_value syncobj=2 -> 48 (err=0)
[hkql]   get_value syncobj=3 -> 0 (err=0)
[hkql]   get_value syncobj=2 -> 48 (err=0)
[hkql]   get_value syncobj=3 -> 0 (err=0)
[hkql]   get_value syncobj=2 -> 48 (err=0)
[hkql]   get_value syncobj=3 -> 0 (err=0)
[hkql]   get_value syncobj=2 -> 48 (err=0)
[hkql]   get_value syncobj=3 -> 0 (err=0)
[hkql]   get_value syncobj=2 -> 48 (err=0)
[hkql]   get_value syncobj=3 -> 0 (err=0)
[hkql]   get_value syncobj=2 -> 48 (err=0)
[hkql]   get_value syncobj=3 -> 0 (err=0)
[hkql]   get_value syncobj=2 -> 48 (err=0)
[hkql]   get_value syncobj=3 -> 0 (err=0)
[hkql]   get_value syncobj=2 -> 48 (err=0)
[hkql]   get_value syncobj=3 -> 0 (err=0)
[hkql]   get_value syncobj=2 -> 48 (err=0)
[hkql]   get_value syncobj=3 -> 0 (err=0)
[hkql]   get_value syncobj=2 -> 48 (err=0)
[hkql]   get_value syncobj=3 -> 0 (err=0)
[hkql]   get_value syncobj=2 -> 48 (err=0)
[hkql]   get_value syncobj=3 -> 0 (err=0)
[hkql]   get_value syncobj=2 -> 48 (err=0)
[hkql]   get_value syncobj=3 -> 0 (err=0)
[hkql]   get_value syncobj=2 -> 48 (err=0)
[hkql]   get_value syncobj=3 -> 0 (err=0)
[hkql]   get_value syncobj=2 -> 48 (err=0)
[hkql]   get_value syncobj=3 -> 0 (err=0)
[hkql]   get_value syncobj=2 -> 48 (err=0)
[hkql]   get_value syncobj=3 -> 0 (err=0)
[hkql]   get_value syncobj=2 -> 48 (err=0)
[hkql]   get_value syncobj=3 -> 0 (err=0)
[hkql]   get_value syncobj=2 -> 48 (err=0)
[hkql]   get_value syncobj=3 -> 0 (err=0)
[hkql]   get_value syncobj=2 -> 48 (err=0)
[hkql]   get_value syncobj=3 -> 0 (err=0)
[hkql]   get_value syncobj=2 -> 48 (err=0)
[hkql]   get_value syncobj=3 -> 0 (err=0)
[hkql]   get_value syncobj=2 -> 48 (err=0)
[hkql]   get_value syncobj=3 -> 0 (err=0)
[hkql]   get_value syncobj=2 -> 48 (err=0)
[hkql]   get_value syncobj=3 -> 0 (err=0)
[hkql]   get_value syncobj=2 -> 48 (err=0)
[hkql]   get_value syncobj=3 -> 0 (err=0)
[hkql]   get_value syncobj=2 -> 48 (err=0)
[hkql]   get_value syncobj=3 -> 0 (err=0)
[hkql]   get_value syncobj=2 -> 48 (err=0)
[hkql]   get_value syncobj=3 -> 0 (err=0)
[hkql]   get_value syncobj=2 -> 48 (err=0)
[hkql]   get_value syncobj=3 -> 0 (err=0)
[hkql]   get_value syncobj=2 -> 48 (err=0)
[hkql]   get_value syncobj=3 -> 0 (err=0)
[hkql]   get_value syncobj=2 -> 48 (err=0)
[hkql]   get_value syncobj=3 -> 0 (err=0)
[hkql]   get_value syncobj=2 -> 48 (err=0)
[hkql]   get_value syncobj=3 -> 0 (err=0)
[hkql]   get_value syncobj=2 -> 48 (err=0)
[hkql]   get_value syncobj=3 -> 0 (err=0)
[hkql]   get_value syncobj=2 -> 48 (err=0)
[hkql]   get_value syncobj=3 -> 0 (err=0)
[hkql]   get_value syncobj=2 -> 48 (err=0)
[hkql]   get_value syncobj=3 -> 0 (err=0)
[hkql]   get_value syncobj=2 -> 48 (err=0)
[hkql]   get_value syncobj=3 -> 0 (err=0)
[hkql]   get_value syncobj=2 -> 48 (err=0)
[hkql]   get_value syncobj=3 -> 0 (err=0)
[hkql]   get_value syncobj=2 -> 48 (err=0)
[hkql]   get_value syncobj=3 -> 0 (err=0)
[hkql]   get_value syncobj=2 -> 48 (err=0)
[hkql]   get_value syncobj=3 -> 0 (err=0)
[hkql]   get_value syncobj=2 -> 48 (err=0)
[hkql]   get_value syncobj=3 -> 0 (err=0)
[hkql]   get_value syncobj=2 -> 48 (err=0)
[hkql]   get_value syncobj=3 -> 0 (err=0)
[hkql]   get_value syncobj=2 -> 48 (err=0)
[hkql]   get_value syncobj=3 -> 0 (err=0)
[hkql]   get_value syncobj=2 -> 48 (err=0)
[hkql]   get_value syncobj=3 -> 0 (err=0)
[hkql]   get_value syncobj=2 -> 48 (err=0)
[hkql]   get_value syncobj=3 -> 0 (err=0)
[hkql]   get_value syncobj=2 -> 48 (err=0)
[hkql]   get_value syncobj=3 -> 0 (err=0)
[hkql]   get_value syncobj=2 -> 48 (err=0)
[hkql]   get_value syncobj=3 -> 0 (err=0)
[hkql]   get_value syncobj=2 -> 48 (err=0)
[hkql]   get_value syncobj=3 -> 0 (err=0)
[hkql]   get_value syncobj=2 -> 48 (err=0)
[hkql]   get_value syncobj=3 -> 0 (err=0)
[hkql]   get_value syncobj=2 -> 48 (err=0)
[hkql]   get_value syncobj=3 -> 0 (err=0)
[hkql]   get_value syncobj=2 -> 48 (err=0)
[hkql]   get_value syncobj=3 -> 0 (err=0)
[hkql]   get_value syncobj=2 -> 48 (err=0)
[hkql]   get_value syncobj=3 -> 0 (err=0)
[hkql]   get_value syncobj=2 -> 48 (err=0)
[hkql]   get_value syncobj=3 -> 0 (err=0)
[hkql]   get_value syncobj=2 -> 48 (err=0)
[hkql]   get_value syncobj=3 -> 0 (err=0)
[hkql]   get_value syncobj=2 -> 48 (err=0)
[hkql]   get_value syncobj=3 -> 0 (err=0)
[hkql]   get_value syncobj=2 -> 48 (err=0)
[hkql]   get_value syncobj=3 -> 0 (err=0)
[hkql]   get_value syncobj=2 -> 48 (err=0)
[hkql]   get_value syncobj=3 -> 0 (err=0)
[hkql]   get_value syncobj=2 -> 48 (err=0)
[hkql]   get_value syncobj=3 -> 0 (err=0)
[hkql]   get_value syncobj=2 -> 48 (err=0)
[hkql]   get_value syncobj=3 -> 0 (err=0)
[hkql]   get_value syncobj=2 -> 48 (err=0)
[hkql]   get_value syncobj=3 -> 0 (err=0)
[hkql]   get_value syncobj=2 -> 48 (err=0)
[hkql]   get_value syncobj=3 -> 0 (err=0)
[hkql]   get_value syncobj=2 -> 48 (err=0)
[hkql]   get_value syncobj=3 -> 0 (err=0)
[hkql]   get_value syncobj=2 -> 48 (err=0)
[hkql]   get_value syncobj=3 -> 0 (err=0)
[hkql]   get_value syncobj=2 -> 48 (err=0)
[hkql]   get_value syncobj=3 -> 0 (err=0)
[hkql]   get_value syncobj=2 -> 48 (err=0)
[hkql]   get_value syncobj=3 -> 0 (err=0)
[hkql]   get_value syncobj=2 -> 48 (err=0)
[hkql]   get_value syncobj=3 -> 0 (err=0)
[hkql]   get_value syncobj=2 -> 48 (err=0)
[hkql]   get_value syncobj=3 -> 0 (err=0)
[hkql]   get_value syncobj=2 -> 48 (err=0)
[hkql]   get_value syncobj=3 -> 0 (err=0)
[hkql]   get_value syncobj=2 -> 48 (err=0)
[hkql]   get_value syncobj=3 -> 0 (err=0)
[hkql]   get_value syncobj=2 -> 48 (err=0)
[hkql]   get_value syncobj=3 -> 0 (err=0)
[hkql]   get_value syncobj=2 -> 48 (err=0)
[hkql]   get_value syncobj=3 -> 0 (err=0)
[hkql]   get_value syncobj=2 -> 48 (err=0)
[hkql]   get_value syncobj=3 -> 0 (err=0)
[hkql]   get_value syncobj=2 -> 48 (err=0)
[hkql]   get_value syncobj=3 -> 0 (err=0)
[hkql]   get_value syncobj=2 -> 48 (err=0)
[hkql]   get_value syncobj=3 -> 0 (err=0)
[hkql]   get_value syncobj=2 -> 48 (err=0)
[hkql]   get_value syncobj=3 -> 0 (err=0)
[hkql]   get_value syncobj=2 -> 48 (err=0)
[hkql]   get_value syncobj=3 -> 0 (err=0)
[hkql]   get_value syncobj=2 -> 48 (err=0)
[hkql]   get_value syncobj=3 -> 0 (err=0)
[hkql]   get_value syncobj=2 -> 48 (err=0)
[hkql]   get_value syncobj=3 -> 0 (err=0)
[hkql]   get_value syncobj=2 -> 48 (err=0)
[hkql]   get_value syncobj=3 -> 0 (err=0)
[hkql]   get_value syncobj=2 -> 48 (err=0)
[hkql]   get_value syncobj=3 -> 0 (err=0)
[hkql]   get_value syncobj=2 -> 48 (err=0)
[hkql]   get_value syncobj=3 -> 0 (err=0)
[hkql]   get_value syncobj=2 -> 48 (err=0)
[hkql]   get_value syncobj=3 -> 0 (err=0)
[hkql]   get_value syncobj=2 -> 48 (err=0)
[hkql]   get_value syncobj=3 -> 0 (err=0)
[hkql]   get_value syncobj=2 -> 48 (err=0)
[hkql]   get_value syncobj=3 -> 0 (err=0)
[hkql]   get_value syncobj=2 -> 48 (err=0)
[hkql]   get_value syncobj=3 -> 0 (err=0)
[hkql]   get_value syncobj=2 -> 48 (err=0)
[hkql]   get_value syncobj=3 -> 0 (err=0)
[hkql]   get_value syncobj=2 -> 48 (err=0)
[hkql]   get_value syncobj=3 -> 0 (err=0)
[hkql]   get_value syncobj=2 -> 48 (err=0)
[hkql]   get_value syncobj=3 -> 0 (err=0)
[hkql]   get_value syncobj=2 -> 48 (err=0)
[hkql]   get_value syncobj=3 -> 0 (err=0)
[hkql]   get_value syncobj=2 -> 48 (err=0)
[hkql]   get_value syncobj=3 -> 0 (err=0)
[hkql]   get_value syncobj=2 -> 48 (err=0)
[hkql]   get_value syncobj=3 -> 0 (err=0)
[hkql]   get_value syncobj=2 -> 48 (err=0)
[hkql]   get_value syncobj=3 -> 0 (err=0)
[hkql]   get_value syncobj=2 -> 48 (err=0)
[hkql]   get_value syncobj=3 -> 0 (err=0)
[hkql]   get_value syncobj=2 -> 48 (err=0)
[hkql]   get_value syncobj=3 -> 0 (err=0)
[hkql]   get_value syncobj=2 -> 48 (err=0)
[hkql]   get_value syncobj=3 -> 0 (err=0)
[hkql]   get_value syncobj=2 -> 48 (err=0)
[hkql]   get_value syncobj=3 -> 0 (err=0)
[hkql]   get_value syncobj=2 -> 48 (err=0)
[hkql]   get_value syncobj=3 -> 0 (err=0)
[hkql]   get_value syncobj=2 -> 48 (err=0)
[hkql]   get_value syncobj=3 -> 0 (err=0)
[hkql]   get_value syncobj=2 -> 48 (err=0)
[hkql]   get_value syncobj=3 -> 0 (err=0)
[hkql]   get_value syncobj=2 -> 48 (err=0)
[hkql]   get_value syncobj=3 -> 0 (err=0)
[hkql]   get_value syncobj=2 -> 48 (err=0)
[hkql]   get_value syncobj=3 -> 0 (err=0)
[hkql]   get_value syncobj=2 -> 48 (err=0)
[hkql]   get_value syncobj=3 -> 0 (err=0)
[hkql]   get_value syncobj=2 -> 48 (err=0)
[hkql]   get_value syncobj=3 -> 0 (err=0)
[hkql]   get_value syncobj=2 -> 48 (err=0)
[hkql]   get_value syncobj=3 -> 1 (err=0)
[hkql]   get_value syncobj=2 -> 49 (err=0)
[hkql]   get_value syncobj=2 -> 49 (err=0)
[hkql]   get_value syncobj=2 -> 49 (err=0)
[probe] pipeline kernel=52 bytes=0xffff64323360 size=3352
[hkql]   syncobj_create -> 4 timeline=1 initial=0 err=0
[hkql 124834.114]   signal[0] syncobj=4 type=1 value=1 flags=1
[hkql 124834.114]   signal[1] syncobj=2 type=1 value=50 flags=1
[hkql 124834.114]   wait[0] syncobj=2 type=1 value=49
[hkql 124834.114] cmdbuf 0xaaaad75468b0: CDM calls=1 cmds=1 flushes=1 merged=0 linked=0 timeline=50 gpu_done=49
[hkql 124834.115] submit ioctl ret=0 took 0.000 s cmdbuf_size=72 in=1 out=3
[hkql]   get_value syncobj=4 -> 0 (err=0)
[hkql]   get_value syncobj=4 -> 0 (err=0)
[hkql]   get_value syncobj=2 -> 49 (err=0)
[hkql]   get_value syncobj=4 -> 1 (err=0)
[hkql]   get_value syncobj=2 -> 50 (err=0)
[hkql]   get_value syncobj=2 -> 50 (err=0)
[hkql]   syncobj_destroy 3
[hkql]   get_value syncobj=2 -> 50 (err=0)
[hkql]   get_value syncobj=2 -> 50 (err=0)
{"status": "ok", "wall_s": 90.67946956800006, "n": 2048, "argmax": 3974}
[hkql]   get_value syncobj=2 -> 50 (err=0)
[hkql]   syncobj_create -> 3 timeline=0 initial=0 err=0
[hkql]   syncobj_destroy 3
[hkql]   syncobj_destroy 2
rc=0 wall=95
